[     942ms] [INFO] Images loaded lazily and replaced with placeholders. Load events are deferred. See https://go.microsoft.com/fwlink/?linkid=2048113 @ https://search.bilibili.com/all?keyword=%E5%9C%B0%E7%8B%B1%E6%BD%9C%E5%85%B52%E5%BC%BA%E5%88%B6%E7%BB%91%E5%AE%9Apsn%E8%B4%A6%E5%8F%B7&from_source=web_search&spm_id_from=333.1007&search_source=5:254
[    1135ms] [ERROR] Failed to load resource: net::ERR_BLOCKED_BY_CLIENT @ https://api.bilibili.com/x/internal/gaia-gateway/ExClimbWuzhi:0
[    1136ms] Uncaught (in promise) undefined
    at <anonymous> (https://s1.hdslb.com/bfs/seed/log/report/log-reporter.js:1:42777)
[    1318ms] [INFO] %c bili-fe-mirror %c v2.1.0  padding: 2px 6px; border-radius: 3px 0 0 3px; color: #fff; background: #FF6699; font-weight: bold; padding: 2px 6px; border-radius: 0 3px 3px 0; color: #fff; background: #FF9999; font-weight: bold; @ https://s1.hdslb.com/bfs/seed/jinkela/short/b-mirror/biliMirror.umd.mini.js:1
[    1357ms] [INFO] This page uses the built-in LanguageDetector feature. To learn more and leave feedback, see https://learn.microsoft.com/microsoft-edge/web-platform/languagedetector-api @ chrome-extension://amkbmndfnliijdhojkpoglbnaaahippg/content_main.js:4916
[    1873ms] [LOG] Chat-Memo: 注入式侧边栏功能已加载 @ chrome-extension://cfmmkmfimmmfikomegalpmgookideojo/js/content_common.js:967
[    1877ms] [ERROR] Permissions policy violation: unload is not allowed in this document. @ chrome-extension://jaleebmaoohbjjohjlfmihkkopgfibne/0r0akgg.js:1
[    1911ms] [LOG] 白屏检测是否正常 {status: ok, loop: 0, data: Object} @ https://search.bilibili.com/all?keyword=%E5%9C%B0%E7%8B%B1%E6%BD%9C%E5%85%B52%E5%BC%BA%E5%88%B6%E7%BB%91%E5%AE%9Apsn%E8%B4%A6%E5%8F%B7&from_source=web_search&spm_id_from=333.1007&search_source=5:228
[    1978ms] [LOG] Chat-Memo: 初始化通用功能 @ chrome-extension://cfmmkmfimmmfikomegalpmgookideojo/js/content_common.js:52
[    4481ms] [INFO] %c%s line-height: 30px; color: #FF6699 bili-fe-fp: 1.1.4 @ https://s1.hdslb.com/bfs/seed/jinkela/short/user-fingerprint/bili-user-fingerprint.min.js:0
[    5269ms] [INFO] Creating a worker from 'blob:https://search.bilibili.com/905982b9-68c1-454a-b8fa-c236a34f7cf8' violates the following Content Security Policy directive: "script-src 'self' 'unsafe-inline' 'unsafe-eval' *.bilibili.com *.hdslb.com api.geetest.com static.geetest.com". Note that 'worker-src' was not explicitly set, so 'script-src' is used as a fallback. The policy is report-only, so the violation has been logged but no further action has been taken. @ https://s1.hdslb.com/bfs/static/player/main/widgets/npd.6.eeff16b8.js:30
[    5296ms] Uncaught TypeError: Cannot read properties of undefined (reading 'addIceCandidate')
    at I (https://s1.hdslb.com/bfs/static/nc/nc-loader-2.14.0.min.js:1:271746)
    at <anonymous> (https://s1.hdslb.com/bfs/static/nc/nc-loader-2.14.0.min.js:1:291845)
    at 565 (https://s1.hdslb.com/bfs/static/nc/nc-loader-2.14.0.min.js:1:292614)
    at n (https://s1.hdslb.com/bfs/static/nc/nc-loader-2.14.0.min.js:1:389720)
    at <anonymous> (https://s1.hdslb.com/bfs/static/nc/nc-loader-2.14.0.min.js:1:390279)
    at <anonymous> (https://s1.hdslb.com/bfs/static/nc/nc-loader-2.14.0.min.js:1:396022)
    at t (https://s1.hdslb.com/bfs/static/nc/nc-loader-2.14.0.min.js:1:396037)
    at <anonymous> (https://s1.hdslb.com/bfs/static/nc/nc-loader-2.14.0.min.js:1:396229)
[    5298ms] Uncaught (in promise) TypeError: window.BPP2PSDK is not a constructor
    at <anonymous> (https://s1.hdslb.com/bfs/static/player/main/widgets/npd.homepage-helper.79da0361.js:12:1198)
[    5302ms] [WARNING] [Mirror]: 无法解析的错误: Script error. @ https://s1.hdslb.com/bfs/seed/jinkela/short/b-mirror/biliMirror.umd.mini.js:1
[  555212ms] [INFO] Creating a worker from 'blob:https://search.bilibili.com/b62c6b33-3133-4d3b-93ce-91da676bd3e9' violates the following Content Security Policy directive: "script-src 'self' 'unsafe-inline' 'unsafe-eval' *.bilibili.com *.hdslb.com api.geetest.com static.geetest.com". Note that 'worker-src' was not explicitly set, so 'script-src' is used as a fallback. The policy is report-only, so the violation has been logged but no further action has been taken. @ https://s1.hdslb.com/bfs/static/player/main/widgets/npd.6.eeff16b8.js:30
[  555258ms] Uncaught TypeError: Cannot read properties of undefined (reading 'addIceCandidate')
    at I (https://s1.hdslb.com/bfs/static/nc/nc-loader-2.14.0.min.js:1:271746)
    at <anonymous> (https://s1.hdslb.com/bfs/static/nc/nc-loader-2.14.0.min.js:1:291845)
    at 565 (https://s1.hdslb.com/bfs/static/nc/nc-loader-2.14.0.min.js:1:292614)
    at n (https://s1.hdslb.com/bfs/static/nc/nc-loader-2.14.0.min.js:1:389720)
    at <anonymous> (https://s1.hdslb.com/bfs/static/nc/nc-loader-2.14.0.min.js:1:390279)
    at <anonymous> (https://s1.hdslb.com/bfs/static/nc/nc-loader-2.14.0.min.js:1:396022)
    at t (https://s1.hdslb.com/bfs/static/nc/nc-loader-2.14.0.min.js:1:396037)
    at <anonymous> (https://s1.hdslb.com/bfs/static/nc/nc-loader-2.14.0.min.js:1:396229)
[  555269ms] Uncaught (in promise) TypeError: window.BPP2PSDK is not a constructor
    at <anonymous> (https://s1.hdslb.com/bfs/static/player/main/widgets/npd.homepage-helper.79da0361.js:12:1198)
[  555288ms] [WARNING] [Mirror]: 无法解析的错误: Script error. @ https://s1.hdslb.com/bfs/seed/jinkela/short/b-mirror/biliMirror.umd.mini.js:1
