[     916ms] [WARNING] Mixed Content: The page at 'https://mp.weixin.qq.com/s/iZ6jjvC7er_SpU0FNTbhtQ' was loaded over HTTPS, but requested an insecure element 'http://mmbiz.qpic.cn/sz_mmbiz_jpg/7XLdVBfSLDWcWdNQc9fF8ScHTIBIbjlhDnYQb01Knkt7j5ETyuuWTKnPyBNxeb29nxXIiaPMr7agUfSq2ApCXs3ZmMlbjlxfFvzEUcglSRXU/0?wx_fmt=jpeg'. This request was automatically upgraded to HTTPS, For more information see https://blog.chromium.org/2019/10/no-more-mixed-messages-about-https.html @ https://mp.weixin.qq.com/s/iZ6jjvC7er_SpU0FNTbhtQ:0
[     917ms] [WARNING] Mixed Content: The page at 'https://mp.weixin.qq.com/s/iZ6jjvC7er_SpU0FNTbhtQ' was loaded over HTTPS, but requested an insecure element 'http://mmbiz.qpic.cn/mmbiz_png/r3PNiclrxYibD69UPjibYDx4hdPibRj4iaFfGCnJzbSIKibDmQ1YOjUtF8lvmaR0hcK5TNdT7SVoSYicyIVFGgia6ZbjxQ/0?wx_fmt=png'. This request was automatically upgraded to HTTPS, For more information see https://blog.chromium.org/2019/10/no-more-mixed-messages-about-https.html @ https://mp.weixin.qq.com/s/iZ6jjvC7er_SpU0FNTbhtQ:0
[    1374ms] [WARNING] Mixed Content: The page at 'https://mp.weixin.qq.com/s/iZ6jjvC7er_SpU0FNTbhtQ' was loaded over HTTPS, but requested an insecure element 'http://mmbiz.qpic.cn/sz_mmbiz_jpg/7XLdVBfSLDWcWdNQc9fF8ScHTIBIbjlhDnYQb01Knkt7j5ETyuuWTKnPyBNxeb29nxXIiaPMr7agUfSq2ApCXs3ZmMlbjlxfFvzEUcglSRXU/0?wx_fmt=jpeg'. This request was automatically upgraded to HTTPS, For more information see https://blog.chromium.org/2019/10/no-more-mixed-messages-about-https.html @ https://mp.weixin.qq.com/s/iZ6jjvC7er_SpU0FNTbhtQ:3711
[    1374ms] [WARNING] Mixed Content: The page at 'https://mp.weixin.qq.com/s/iZ6jjvC7er_SpU0FNTbhtQ' was loaded over HTTPS, but requested an insecure element 'http://mmbiz.qpic.cn/mmbiz_png/r3PNiclrxYibD69UPjibYDx4hdPibRj4iaFfGCnJzbSIKibDmQ1YOjUtF8lvmaR0hcK5TNdT7SVoSYicyIVFGgia6ZbjxQ/0?wx_fmt=png'. This request was automatically upgraded to HTTPS, For more information see https://blog.chromium.org/2019/10/no-more-mixed-messages-about-https.html @ https://mp.weixin.qq.com/s/iZ6jjvC7er_SpU0FNTbhtQ:3935
[    1517ms] [ERROR] Permissions policy violation: unload is not allowed in this document. @ https://mp.weixin.qq.com/s/iZ6jjvC7er_SpU0FNTbhtQ:8155
[    1542ms] [ERROR] Permissions policy violation: unload is not allowed in this document. @ https://mp.weixin.qq.com/s/iZ6jjvC7er_SpU0FNTbhtQ:14962
[    1573ms] [ERROR] Permissions policy violation: unload is not allowed in this document. @ https://mp.weixin.qq.com/s/iZ6jjvC7er_SpU0FNTbhtQ:19882
[    1575ms] [LOG] [AI总结] 最终权限结果: false @ https://mp.weixin.qq.com/s/iZ6jjvC7er_SpU0FNTbhtQ:21358
[    1583ms] [ERROR] Permissions policy violation: unload is not allowed in this document. @ https://mp.weixin.qq.com/s/iZ6jjvC7er_SpU0FNTbhtQ:35336
[    1605ms] [LOG] tingIsShow, tingHeardCnt   @ https://mp.weixin.qq.com/s/iZ6jjvC7er_SpU0FNTbhtQ:42894
[    1609ms] [LOG] canUseStar, startPersonCnt false  @ https://mp.weixin.qq.com/s/iZ6jjvC7er_SpU0FNTbhtQ:46270
[    1618ms] [LOG] SyntaxError: Unexpected end of JSON input
    at JSON.parse (<anonymous>)
    at proxyApplyFn.ApplyContext.reflect (<anonymous>:133:35)
    at <anonymous>:21:35
    at Object.apply (<anonymous>:166:20)
    at __setPageContentBottomData (https://mp.weixin.qq.com/s/iZ6jjvC7er_SpU0FNTbhtQ:47503:77)
    at https://mp.weixin.qq.com/s/iZ6jjvC7er_SpU0FNTbhtQ:47563:5
    at https://mp.weixin.qq.com/s/iZ6jjvC7er_SpU0FNTbhtQ:47569:3 @ https://mp.weixin.qq.com/s/iZ6jjvC7er_SpU0FNTbhtQ:47549
[    1618ms] [ERROR] Failed to load resource: net::ERR_BLOCKED_BY_CLIENT @ https://mp.weixin.qq.com/mp/jsmonitor?idkey=125617_12_1:0
[    1619ms] [ERROR] Failed to load resource: net::ERR_BLOCKED_BY_CLIENT @ https://mp.weixin.qq.com/mp/jsmonitor?idkey=125617_19_1:0
[    1652ms] [ERROR] Permissions policy violation: unload is not allowed in this document. @ https://res.wx.qq.com/mmbizappmsg/zh_CN/htmledition/js/assets/page_utils.msfvucbv22232f4c.js:0
[    1660ms] [LOG] dedupePromise key=getBiz:false:1 existing=undefined @ https://res.wx.qq.com/mmbizappmsg/zh_CN/htmledition/js/assets/page_utils.msfvucbv22232f4c.js:0
[    1664ms] [LOG] dedupePromise key=getBiz:false:1 existing=[object Promise] @ https://res.wx.qq.com/mmbizappmsg/zh_CN/htmledition/js/assets/page_utils.msfvucbv22232f4c.js:0
[    1665ms] [LOG] dedupePromise key=getAllBiz:false existing=undefined @ https://res.wx.qq.com/mmbizappmsg/zh_CN/htmledition/js/assets/page_utils.msfvucbv22232f4c.js:0
[    1665ms] [LOG] dedupePromise key=getWxInfo existing=undefined @ https://res.wx.qq.com/mmbizappmsg/zh_CN/htmledition/js/assets/page_utils.msfvucbv22232f4c.js:0
[    1665ms] [LOG] dedupePromise key=getBiz:false:1 existing=[object Promise] @ https://res.wx.qq.com/mmbizappmsg/zh_CN/htmledition/js/assets/page_utils.msfvucbv22232f4c.js:0
[    1671ms] [LOG] dedupePromise key=getBiz:false:1 existing=[object Promise] @ https://res.wx.qq.com/mmbizappmsg/zh_CN/htmledition/js/assets/page_utils.msfvucbv22232f4c.js:0
[    1671ms] [LOG] dedupePromise key=getAllBiz:false existing=[object Promise] @ https://res.wx.qq.com/mmbizappmsg/zh_CN/htmledition/js/assets/page_utils.msfvucbv22232f4c.js:0
[    1671ms] [LOG] dedupePromise key=getWxInfo existing=[object Promise] @ https://res.wx.qq.com/mmbizappmsg/zh_CN/htmledition/js/assets/page_utils.msfvucbv22232f4c.js:0
[    1671ms] [LOG] dedupePromise key=getBiz:false:1 existing=[object Promise] @ https://res.wx.qq.com/mmbizappmsg/zh_CN/htmledition/js/assets/page_utils.msfvucbv22232f4c.js:0
[    1685ms] [LOG] dedupePromise key=getBiz:false:1 existing=[object Promise] @ https://res.wx.qq.com/mmbizappmsg/zh_CN/htmledition/js/assets/page_utils.msfvucbv22232f4c.js:0
[    1714ms] [LOG] dedupePromise key=getBiz:false:1 existing=[object Promise] @ https://res.wx.qq.com/mmbizappmsg/zh_CN/htmledition/js/assets/page_utils.msfvucbv22232f4c.js:0
[    1714ms] [LOG] dedupePromise key=getAllBiz:false existing=[object Promise] @ https://res.wx.qq.com/mmbizappmsg/zh_CN/htmledition/js/assets/page_utils.msfvucbv22232f4c.js:0
[    1714ms] [LOG] dedupePromise key=getWxInfo existing=[object Promise] @ https://res.wx.qq.com/mmbizappmsg/zh_CN/htmledition/js/assets/page_utils.msfvucbv22232f4c.js:0
[    1726ms] [LOG] support wcslplayer false @ https://res.wx.qq.com/mmbizappmsg/zh_CN/htmledition/js/assets/cover_next.msfvucbv4a26be65.js:0
[    1731ms] [LOG] canUseStar, startPersonCnt false <%@JsEncode($user_info.appmsg_bar_data.star_num.DATA$)%> @ https://res.wx.qq.com/mmbizappmsg/zh_CN/htmledition/js/assets/set_star.msfvucbv695ec12f.js:0
[    1753ms] [LOG] in white list undefined 1785983447693 @ https://res.wx.qq.com/mmbizappmsg/zh_CN/htmledition/js/assets/swipe_enter_profile_guard.msfvucbvfffb41fa.js:2
[    1755ms] [LOG] dedupePromise key=getBiz:false:1 existing=[object Promise] @ https://res.wx.qq.com/mmbizappmsg/zh_CN/htmledition/js/assets/page_utils.msfvucbv22232f4c.js:0
[    1756ms] [ERROR] Permissions policy violation: unload is not allowed in this document. @ https://res.wx.qq.com/mmbizappmsg/zh_CN/htmledition/js/assets/handle_change_inter_identity.msfvucbv4e98286d.js:5
[    1759ms] [LOG] dedupePromise key=getBiz:false:1 existing=[object Promise] @ https://res.wx.qq.com/mmbizappmsg/zh_CN/htmledition/js/assets/page_utils.msfvucbv22232f4c.js:0
[    1762ms] [LOG] dedupePromise key=getBiz:false:1 existing=[object Promise] @ https://res.wx.qq.com/mmbizappmsg/zh_CN/htmledition/js/assets/page_utils.msfvucbv22232f4c.js:0
[    1763ms] [ERROR] Permissions policy violation: unload is not allowed in this document. @ https://res.wx.qq.com/mmbizappmsg/zh_CN/htmledition/js/assets/handle_change_inter_identity.msfvucbv4e98286d.js:5
[    1765ms] [LOG] [Appmsg comment] start get comment data, url:/mp/appmsg_comment?action=getcomment&scene=0&appmsgid=2247508445&idx=1&__biz=Mzk0MzY5NjQ1MA==&comment_id=4636436248256315395&offset=0&buffer=&limit=100&send_time=&sessionid=svr_27a7632cdf4&enterid=1785983451&top_content_id=&top_reply_id=&comment_scene=0 @ https://res.wx.qq.com/mmbizappmsg/zh_CN/htmledition/js/assets/appmsg_comment.msfvucbvbff61c72.js:4
[    1765ms] [LOG] dedupePromise key=getBiz:false:1 existing=[object Promise] @ https://res.wx.qq.com/mmbizappmsg/zh_CN/htmledition/js/assets/page_utils.msfvucbv22232f4c.js:0
[    1768ms] [ERROR] Permissions policy violation: unload is not allowed in this document. @ https://res.wx.qq.com/mmbizappmsg/zh_CN/htmledition/js/assets/handle_change_inter_identity.msfvucbv4e98286d.js:5
[    1770ms] [ERROR] Permissions policy violation: unload is not allowed in this document. @ https://res.wx.qq.com/mmbizappmsg/zh_CN/htmledition/js/assets/handle_change_inter_identity.msfvucbv4e98286d.js:5
[    1783ms] [ERROR] Permissions policy violation: unload is not allowed in this document. @ https://res.wx.qq.com/mmbizappmsg/zh_CN/htmledition/js/assets/handle_change_inter_identity.msfvucbv4e98286d.js:5
[    1787ms] [LOG] dedupePromise key=getAllBiz:false existing=[object Promise] @ https://res.wx.qq.com/mmbizappmsg/zh_CN/htmledition/js/assets/page_utils.msfvucbv22232f4c.js:0
[    1787ms] [LOG] getIdentity========== @ https://res.wx.qq.com/mmbizappmsg/zh_CN/htmledition/js/assets/Identity.msfvucbva4aeb094.js:2
[    1787ms] [LOG] dedupePromise key=getBiz:false:1 existing=[object Promise] @ https://res.wx.qq.com/mmbizappmsg/zh_CN/htmledition/js/assets/page_utils.msfvucbv22232f4c.js:0
[    1789ms] [INFO] [IndexedDBAdapter] IndexedDB initialized successfully  @ https://res.wx.qq.com/mmbizappmsg/zh_CN/htmledition/js/assets/state_sync_manager.msfvucbv840e221b.js:2
[    1790ms] [INFO] [图文信息] 三元组: Mzk0MzY5NjQ1MA== 2247508445 1 @ https://res.wx.qq.com/mmbizappmsg/zh_CN/htmledition/js/assets/appmsg.msfvucbve7a278fc.js:8
[    1790ms] [INFO] [用户信息] 设备信息: 是否安卓 undefined 是否IOS undefined 是否秒开场景 undefined 系统版本 10.0 用户uin 0 是否小程序内打开 false @ https://res.wx.qq.com/mmbizappmsg/zh_CN/htmledition/js/assets/appmsg.msfvucbve7a278fc.js:8
[    1790ms] [ERROR] Permissions policy violation: unload is not allowed in this document. @ https://res.wx.qq.com/mmbizappmsg/zh_CN/htmledition/js/assets/store.msfvucbv9821a13a.js:0
[    1790ms] [LOG] wx config web compt result [wxOpen] {err_msg: handleMPPageAction:fail_webcompt unsupported} @ https://res.wx.qq.com/mmbizappmsg/zh_CN/htmledition/js/assets/page_utils.msfvucbv22232f4c.js:0
[    1793ms] [LOG] dedupePromise key=getBiz:false:1 existing=[object Promise] @ https://res.wx.qq.com/mmbizappmsg/zh_CN/htmledition/js/assets/page_utils.msfvucbv22232f4c.js:0
[    1802ms] [INFO] [(评论、点赞、赞赏) 发送请求]:  Thu Aug 06 2026 10:30:47 GMT+0800 (中国标准时间) @ https://res.wx.qq.com/mmbizappmsg/zh_CN/htmledition/js/assets/appmsgext.msfvucbv0a6ca3e6.js:0
[    1803ms] [LOG] dedupePromise key=getBiz:false:1 existing=[object Promise] @ https://res.wx.qq.com/mmbizappmsg/zh_CN/htmledition/js/assets/page_utils.msfvucbv22232f4c.js:0
[    1804ms] [LOG] dedupePromise key=getBiz:false:1 existing=[object Promise] @ https://res.wx.qq.com/mmbizappmsg/zh_CN/htmledition/js/assets/page_utils.msfvucbv22232f4c.js:0
[    1806ms] [ERROR] Permissions policy violation: unload is not allowed in this document. @ https://res.wx.qq.com/mmbizappmsg/zh_CN/htmledition/js/assets/handle_change_inter_identity.msfvucbv4e98286d.js:5
[    1807ms] [ERROR] Permissions policy violation: unload is not allowed in this document. @ https://res.wx.qq.com/mmbizappmsg/zh_CN/htmledition/js/assets/handle_change_inter_identity.msfvucbv4e98286d.js:5
[    1808ms] [LOG] ======ad fontScaleCssVars change 1 1 1 @ https://res.wx.qq.com/mmbizappmsg/zh_CN/htmledition/js/assets/a.msfvucbv9a79251c.js:0
[    1814ms] [ERROR] Permissions policy violation: unload is not allowed in this document. @ https://res.wx.qq.com/mmbizappmsg/zh_CN/htmledition/js/assets/handle_change_inter_identity.msfvucbv4e98286d.js:5
[    1815ms] [ERROR] Permissions policy violation: unload is not allowed in this document. @ https://res.wx.qq.com/mmbizappmsg/zh_CN/htmledition/js/assets/handle_change_inter_identity.msfvucbv4e98286d.js:5
[    1816ms] [ERROR] Permissions policy violation: unload is not allowed in this document. @ https://res.wx.qq.com/mmbizappmsg/zh_CN/htmledition/js/assets/handle_change_inter_identity.msfvucbv4e98286d.js:5
[    1818ms] [INFO] [广告发送请求] 是否拉取广告 0 @ https://res.wx.qq.com/mmbizappmsg/zh_CN/htmledition/js/assets/mp_async.msfvucbv4cca5695.js:0
[    1818ms] [INFO] [强制广告] 是否强制去掉广告 0 @ https://res.wx.qq.com/mmbizappmsg/zh_CN/htmledition/js/assets/mp_async.msfvucbv4cca5695.js:0
[    1818ms] [LOG] dedupePromise key=getBiz:false:1 existing=[object Promise] @ https://res.wx.qq.com/mmbizappmsg/zh_CN/htmledition/js/assets/page_utils.msfvucbv22232f4c.js:0
[    1826ms] [LOG] [PagePos] init entry @ https://res.wx.qq.com/mmbizappmsg/zh_CN/htmledition/js/assets/appmsg.msfvucbve7a278fc.js:8
[    1827ms] [LOG] [PagePos] init call @ https://res.wx.qq.com/mmbizappmsg/zh_CN/htmledition/js/assets/store.msfvucbv9821a13a.js:0
[    1832ms] [LOG] [PagePos] commReport leaveReport addReport @ https://res.wx.qq.com/mmbizappmsg/zh_CN/htmledition/js/assets/store.msfvucbv9821a13a.js:0
[    1837ms] [LOG] [Appmsg comment] start get comment data, url:/mp/appmsg_comment?action=getcomment&scene=0&appmsgid=2247508445&idx=1&__biz=Mzk0MzY5NjQ1MA==&comment_id=4636436248256315395&offset=0&buffer=&limit=100&send_time=&sessionid=svr_27a7632cdf4&enterid=1785983451&top_content_id=&top_reply_id=&comment_scene=0 @ https://res.wx.qq.com/mmbizappmsg/zh_CN/htmledition/js/assets/appmsg_comment.msfvucbvbff61c72.js:4
[    1837ms] [LOG] dedupePromise key=getBiz:false:1 existing=[object Promise] @ https://res.wx.qq.com/mmbizappmsg/zh_CN/htmledition/js/assets/page_utils.msfvucbv22232f4c.js:0
[    1838ms] [WARNING] Mixed Content: The page at 'https://mp.weixin.qq.com/s/iZ6jjvC7er_SpU0FNTbhtQ' was loaded over HTTPS, but requested an insecure element 'http://mmbiz.qpic.cn/mmbiz_png/r3PNiclrxYibD69UPjibYDx4hdPibRj4iaFfGCnJzbSIKibDmQ1YOjUtF8lvmaR0hcK5TNdT7SVoSYicyIVFGgia6ZbjxQ/300?wx_fmt=png&wxfrom=19'. This request was automatically upgraded to HTTPS, For more information see https://blog.chromium.org/2019/10/no-more-mixed-messages-about-https.html @ https://mp.weixin.qq.com/s/iZ6jjvC7er_SpU0FNTbhtQ:0
[    1839ms] [WARNING] Mixed Content: The page at 'https://mp.weixin.qq.com/s/iZ6jjvC7er_SpU0FNTbhtQ' was loaded over HTTPS, but requested an insecure element 'http://mmbiz.qpic.cn/mmbiz_png/r3PNiclrxYibD69UPjibYDx4hdPibRj4iaFfGCnJzbSIKibDmQ1YOjUtF8lvmaR0hcK5TNdT7SVoSYicyIVFGgia6ZbjxQ/300?wx_fmt=png&wxfrom=18'. This request was automatically upgraded to HTTPS, For more information see https://blog.chromium.org/2019/10/no-more-mixed-messages-about-https.html @ https://mp.weixin.qq.com/s/iZ6jjvC7er_SpU0FNTbhtQ:0
[    1840ms] [LOG] dedupePromise key=getBiz:false:1 existing=undefined @ https://res.wx.qq.com/mmbizappmsg/zh_CN/htmledition/js/assets/page_utils.msfvucbv22232f4c.js:0
[    1869ms] [INFO] [currentMpInfo]set url {interaction_url: , underline_url: } @ https://res.wx.qq.com/mmbizappmsg/zh_CN/htmledition/js/assets/appmsg.msfvucbve7a278fc.js:8
[    1889ms] [LOG] https://mmbiz.qpic.cn/sz_mmbiz_png/7XLdVBfSLDXayN6WiakJUxTOCpQUtg9JH7ib1q72H8FRYcjE86qAFYICWuHHcslNWznhyvgdghotKIlmcnMmt8TiaU0VoLYcTvruzKtXerRO5Y/640?wx_fmt=png&from=appmsg&tp=webp&wxfrom=5&wx_lazy=1#imgIndex=0 img false https://mmbiz.qpic.cn/sz_mmbiz_png/7XLdVBfSLDXayN6WiakJUxTOCpQUtg9JH7ib1q72H8FRYcjE86qAFYICWuHHcslNWznhyvgdghotKIlmcnMmt8TiaU0VoLYcTvruzKtXerRO5Y/640?wx_fmt=png&from=appmsg#imgIndex=0 @ https://res.wx.qq.com/mmbizappmsg/zh_CN/htmledition/js/assets/appmsg.msfvucbve7a278fc.js:2
[    1889ms] [LOG] https://mmbiz.qpic.cn/mmbiz_png/7XLdVBfSLDWoVFEhsMWQxcDxsW6yfJyHmvibNOxE20iauATZj0LXMu7RJUH7mqicicf6VvPicjX9icbTuAiaY8kEJ2c26HOT2h6CotRiaoiawYudibjnY/640?wx_fmt=png&from=appmsg&tp=webp&wxfrom=5&wx_lazy=1#imgIndex=1 img false https://mmbiz.qpic.cn/mmbiz_png/7XLdVBfSLDWoVFEhsMWQxcDxsW6yfJyHmvibNOxE20iauATZj0LXMu7RJUH7mqicicf6VvPicjX9icbTuAiaY8kEJ2c26HOT2h6CotRiaoiawYudibjnY/640?wx_fmt=png&from=appmsg#imgIndex=1 @ https://res.wx.qq.com/mmbizappmsg/zh_CN/htmledition/js/assets/appmsg.msfvucbve7a278fc.js:2
[    1890ms] [LOG] [comm_report] reportjson:  {CgiPath: /mp/getappmsgad, Action: , Query: ?f=json&mockid=&rtx=&uin=&key=&pass_ticket=&wxtoke…%3D&appmsg_token=&x5=0&f=json&user_article_role=0, PostData: r=0.2082313523384698&appmsg_type=9&mid=2247508445&…eed_ad=0&both_ad=0&pos_type_list=&vid_list=%5B%5D, Method: POST} @ https://res.wx.qq.com/mmbizappmsg/zh_CN/htmledition/js/assets/page_utils.msfvucbv22232f4c.js:0
[    1890ms] [ERROR] Failed to load resource: net::ERR_BLOCKED_BY_CLIENT @ https://mp.weixin.qq.com/mp/getappmsgad?f=json&mockid=&rtx=&uin=&key=&pass_ticket=&wxtoken=777&devicetype=&clientversion=false&version=false&__biz=Mzk0MzY5NjQ1MA%3D%3D&appmsg_token=&x5=0&f=json&user_article_role=0:0
[    1902ms] [LOG] [comm_report] reportjson:  {CgiPath: /mp/frontendcommstore, Action: , Query: ?operate_type=GetServiceData&service_name=phPopove…%3D&appmsg_token=&x5=0&f=json&user_article_role=0, PostData: , Method: GET} @ https://res.wx.qq.com/mmbizappmsg/zh_CN/htmledition/js/assets/page_utils.msfvucbv22232f4c.js:0
[    1902ms] [ERROR] Unknown error happened. @ https://res.wx.qq.com/mmbizappmsg/zh_CN/htmledition/js/assets/handle_change_inter_identity.msfvucbv4e98286d.js:7
[    1924ms] [LOG] [comm_report] reportjson:  {CgiPath: /mp/appmsg_comment, Action: getsegment, Query: ?action=getsegment&appmsgid=2247508445&idx=1&comme…%3D&appmsg_token=&x5=0&f=json&user_article_role=0, PostData: modify_detail=%5B%5D&modify_detail_new=%7B%22modif…A1%7D%5D%7D&modify_time=1785945897&linefeed_card=, Method: POST} @ https://res.wx.qq.com/mmbizappmsg/zh_CN/htmledition/js/assets/page_utils.msfvucbv22232f4c.js:0
[    1924ms] [LOG] segmentlist:  {base_resp: Object, ret: -3, errmsg: no session, cookie_count: 0} @ https://res.wx.qq.com/mmbizappmsg/zh_CN/htmledition/js/assets/swipe_enter_profile_guard.msfvucbvfffb41fa.js:2
[    1925ms] [INFO] [StateSyncManager] State sync manager initialized successfully  @ https://res.wx.qq.com/mmbizappmsg/zh_CN/htmledition/js/assets/state_sync_manager.msfvucbv840e221b.js:2
[    1926ms] [LOG] [comm_report] reportjson:  {bizuin: Mzk0MzY5NjQ1MA==, msgid: 2247508445, idx: 1, sessionid: svr_27a7632cdf4, itemshowtype: 0} @ https://res.wx.qq.com/mmbizappmsg/zh_CN/htmledition/js/assets/page_utils.msfvucbv22232f4c.js:0
[    1926ms] [LOG] [reportData]:  {count: 4, reportjson0: {"CgiPath":"/mp/getappmsgad","Action":"","Query":"…in.qq.com","log_id":36408,"TimeStamp":1785983448}, reportjson1: {"CgiPath":"/mp/frontendcommstore","Action":"","Qu…in.qq.com","log_id":36408,"TimeStamp":1785983448}, reportjson2: {"CgiPath":"/mp/appmsg_comment","Action":"getsegme…in.qq.com","log_id":36408,"TimeStamp":1785983448}, reportjson3: {"bizuin":"Mzk0MzY5NjQ1MA==","msgid":2247508445,"i…xptype":"","log_id":27894,"TimeStamp":1785983448}} @ https://res.wx.qq.com/mmbizappmsg/zh_CN/htmledition/js/assets/page_utils.msfvucbv22232f4c.js:0
[    1926ms] [LOG] dedupePromise key=getBiz:false:1 existing=undefined @ https://res.wx.qq.com/mmbizappmsg/zh_CN/htmledition/js/assets/page_utils.msfvucbv22232f4c.js:0
[    1927ms] [LOG] [comm_report] reportjson:  {bizuin: Mzk0MzY5NjQ1MA==, msgid: 2247508445, idx: 1, sessionid: svr_27a7632cdf4, itemshowtype: 0} @ https://res.wx.qq.com/mmbizappmsg/zh_CN/htmledition/js/assets/page_utils.msfvucbv22232f4c.js:0
[    1927ms] [LOG] [comm_report] reportjson:  {bizuin: Mzk0MzY5NjQ1MA==, msgid: 2247508445, idx: 1, sessionid: svr_27a7632cdf4, itemshowtype: 0} @ https://res.wx.qq.com/mmbizappmsg/zh_CN/htmledition/js/assets/page_utils.msfvucbv22232f4c.js:0
[    1927ms] [LOG] [comm_report] reportjson:  {bizuin: Mzk0MzY5NjQ1MA==, msgid: 2247508445, idx: 1, sessionid: svr_27a7632cdf4, itemshowtype: 0} @ https://res.wx.qq.com/mmbizappmsg/zh_CN/htmledition/js/assets/page_utils.msfvucbv22232f4c.js:0
[    1928ms] [LOG] getRelatedArticleList undefined @ https://res.wx.qq.com/mmbizappmsg/zh_CN/htmledition/js/assets/appmsg.msfvucbve7a278fc.js:0
[    1932ms] [LOG] [comm_report] reportjson:  {CgiPath: /mp/appmsg_comment, Action: getidentitylist, Query: ?action=getidentitylist&scene=0&register=0&uin=&ke…%3D&appmsg_token=&x5=0&f=json&user_article_role=0, PostData: , Method: GET} @ https://res.wx.qq.com/mmbizappmsg/zh_CN/htmledition/js/assets/page_utils.msfvucbv22232f4c.js:0
[    1932ms] [LOG] [reportData]:  {count: 4, reportjson0: {"bizuin":"Mzk0MzY5NjQ1MA==","msgid":2247508445,"i…xptype":"","log_id":27894,"TimeStamp":1785983448}, reportjson1: {"bizuin":"Mzk0MzY5NjQ1MA==","msgid":2247508445,"i…xptype":"","log_id":27894,"TimeStamp":1785983448}, reportjson2: {"bizuin":"Mzk0MzY5NjQ1MA==","msgid":2247508445,"i…xptype":"","log_id":27894,"TimeStamp":1785983448}, reportjson3: {"CgiPath":"/mp/appmsg_comment","Action":"getident…in.qq.com","log_id":36408,"TimeStamp":1785983448}} @ https://res.wx.qq.com/mmbizappmsg/zh_CN/htmledition/js/assets/page_utils.msfvucbv22232f4c.js:0
[    1932ms] [LOG] dedupePromise key=getBiz:false:1 existing=undefined @ https://res.wx.qq.com/mmbizappmsg/zh_CN/htmledition/js/assets/page_utils.msfvucbv22232f4c.js:0
[    1933ms] [LOG] [comm_report] reportjson:  {CgiPath: /mp/getbizbanner, Action: , Query: ?__biz=Mzk0MzY5NjQ1MA==&uin=&key=&pass_ticket=&wxt…%3D&appmsg_token=&x5=0&f=json&user_article_role=0, PostData: , Method: GET} @ https://res.wx.qq.com/mmbizappmsg/zh_CN/htmledition/js/assets/page_utils.msfvucbv22232f4c.js:0
[    1933ms] [LOG] [comm_report] reportjson:  {CgiPath: /mp/relatedsearchword, Action: getimagekeyword, Query: ?action=getimagekeyword&__biz=Mzk0MzY5NjQ1MA==&mid…%3D&appmsg_token=&x5=0&f=json&user_article_role=0, PostData: , Method: GET} @ https://res.wx.qq.com/mmbizappmsg/zh_CN/htmledition/js/assets/page_utils.msfvucbv22232f4c.js:0
[    1934ms] [ERROR] Failed to load resource: net::ERR_BLOCKED_BY_CLIENT @ https://mp.weixin.qq.com/mp/jsmonitor?:0
[    1934ms] [LOG] [comm_report] reportjson:  {CgiPath: /mp/appmsg_comment, Action: getcomment, Query: ?action=getcomment&scene=0&appmsgid=2247508445&idx…%3D&appmsg_token=&x5=0&f=json&user_article_role=0, PostData: , Method: GET} @ https://res.wx.qq.com/mmbizappmsg/zh_CN/htmledition/js/assets/page_utils.msfvucbv22232f4c.js:0
[    1938ms] [LOG] [comm_report] reportjson:  {CgiPath: /mp/appmsg_comment, Action: getextracomment, Query: ?action=getextracomment&appmsgid=2247508445&idx=1&…%3D&appmsg_token=&x5=0&f=json&user_article_role=0, PostData: , Method: GET} @ https://res.wx.qq.com/mmbizappmsg/zh_CN/htmledition/js/assets/page_utils.msfvucbv22232f4c.js:0
[    1938ms] [LOG] [reportData]:  {count: 4, reportjson0: {"CgiPath":"/mp/getbizbanner","Action":"","Query":…in.qq.com","log_id":36408,"TimeStamp":1785983448}, reportjson1: {"CgiPath":"/mp/relatedsearchword","Action":"getim…in.qq.com","log_id":36408,"TimeStamp":1785983448}, reportjson2: {"CgiPath":"/mp/appmsg_comment","Action":"getcomme…in.qq.com","log_id":36408,"TimeStamp":1785983448}, reportjson3: {"CgiPath":"/mp/appmsg_comment","Action":"getextra…in.qq.com","log_id":36408,"TimeStamp":1785983448}} @ https://res.wx.qq.com/mmbizappmsg/zh_CN/htmledition/js/assets/page_utils.msfvucbv22232f4c.js:0
[    1938ms] [LOG] dedupePromise key=getBiz:false:1 existing=undefined @ https://res.wx.qq.com/mmbizappmsg/zh_CN/htmledition/js/assets/page_utils.msfvucbv22232f4c.js:0
[    1941ms] [ERROR] Failed to load resource: net::ERR_BLOCKED_BY_CLIENT @ https://mp.weixin.qq.com/mp/jsmonitor?:0
[    1978ms] [LOG] [comm_report] reportjson:  {CgiPath: /mp/getappmsgext, Action: , Query: ?f=json&mock=&uin=&key=&pass_ticket=&wxtoken=777&d…%3D&appmsg_token=&x5=0&f=json&user_article_role=0, PostData: r=0.8714170494492319&__biz=Mzk0MzY5NjQ1MA%3D%3D&ap…nt_comment_id=4636436264882536451&business_type=0, Method: POST} @ https://res.wx.qq.com/mmbizappmsg/zh_CN/htmledition/js/assets/page_utils.msfvucbv22232f4c.js:0
[    1979ms] [INFO] [(评论、点赞、赞赏) 响应请求]:  Thu Aug 06 2026 10:30:47 GMT+0800 (中国标准时间) {advertisement_info: Array(0), appmsg_album_videos: Array(0), base_resp: Object, effective_content_last_html_node: Array(0), link_component_list: Array(0)} @ https://res.wx.qq.com/mmbizappmsg/zh_CN/htmledition/js/assets/appmsgext.msfvucbv0a6ca3e6.js:0
[    1982ms] [WARNING] window.ext_complete_success: true @ https://res.wx.qq.com/mmbizappmsg/zh_CN/htmledition/js/assets/appmsg.msfvucbve7a278fc.js:2
[    1988ms] [LOG] js content size change @ https://res.wx.qq.com/mmbizappmsg/zh_CN/htmledition/js/assets/store.msfvucbv9821a13a.js:0
[    1990ms] [LOG] [comm_report] reportjson:  {CgiPath: /mp/appmsg_comment, Action: getcomment, Query: ?action=getcomment&scene=0&appmsgid=2247508445&idx…%3D&appmsg_token=&x5=0&f=json&user_article_role=0, PostData: , Method: GET} @ https://res.wx.qq.com/mmbizappmsg/zh_CN/htmledition/js/assets/page_utils.msfvucbv22232f4c.js:0
[    2044ms] [INFO] This page uses the built-in LanguageDetector feature. To learn more and leave feedback, see https://learn.microsoft.com/microsoft-edge/web-platform/languagedetector-api @ chrome-extension://amkbmndfnliijdhojkpoglbnaaahippg/content_main.js:4916
[    2057ms] [LOG] OpenSDK Frame loaded, build time: 2026-6-25 17:57 @ https://open.weixin.qq.com/pcopensdk/frame:1
[    2065ms] [LOG] Chat-Memo: 注入式侧边栏功能已加载 @ chrome-extension://cfmmkmfimmmfikomegalpmgookideojo/js/content_common.js:967
[    2086ms] [WARNING] <meta name="apple-mobile-web-app-capable" content="yes"> is deprecated. Please include <meta name="mobile-web-app-capable" content="yes"> @ https://mp.weixin.qq.com/s/iZ6jjvC7er_SpU0FNTbhtQ:0
[    2166ms] [LOG] Chat-Memo: 初始化通用功能 @ chrome-extension://cfmmkmfimmmfikomegalpmgookideojo/js/content_common.js:52
[    2193ms] [ERROR] Permissions policy violation: unload is not allowed in this document. @ https://res.wx.qq.com/mmbizappmsg/zh_CN/htmledition/js/assets/handle_change_inter_identity.msfvucbv4e98286d.js:5
[    2507ms] [LOG] [comm_report] reportjson:  {bizuin: Mzk0MzY5NjQ1MA==, appmsgid: 2247508445, itemidx: 1, scene: 0, subscene: 0} @ https://res.wx.qq.com/mmbizappmsg/zh_CN/htmledition/js/assets/page_utils.msfvucbv22232f4c.js:0
[    2515ms] [LOG] dedupePromise key=getBiz:false:1 existing=undefined @ https://mp.weixin.qq.com/s/iZ6jjvC7er_SpU0FNTbhtQ:5442
[    2517ms] [ERROR] Failed to load resource: net::ERR_BLOCKED_BY_CLIENT @ https://mp.weixin.qq.com/mp/jsmonitor?uin=&key=&pass_ticket=&wxtoken=777&devicetype=&clientversion=false&version=false&__biz=Mzk0MzY5NjQ1MA%3D%3D&appmsg_token=&x5=0&f=json&user_article_role=0#wechat_redirect:0
[    2517ms] [ERROR] Failed to load resource: net::ERR_BLOCKED_BY_CLIENT @ https://mp.weixin.qq.com/mp/jsmonitor?:0
[    2542ms] [LOG] dedupePromise key=getBiz:false:1 existing=undefined @ https://mp.weixin.qq.com/s/iZ6jjvC7er_SpU0FNTbhtQ:5442
[    2543ms] [ERROR] Failed to load resource: net::ERR_BLOCKED_BY_CLIENT @ https://mp.weixin.qq.com/mp/jsmonitor?uin=&key=&pass_ticket=&wxtoken=777&devicetype=&clientversion=false&version=false&__biz=Mzk0MzY5NjQ1MA%3D%3D&appmsg_token=&x5=0&f=json&user_article_role=0#wechat_redirect:0
[    2894ms] [LOG] [reportData]:  {count: 3, reportjson0: {"CgiPath":"/mp/getappmsgext","Action":"","Query":…in.qq.com","log_id":36408,"TimeStamp":1785983448}, reportjson1: {"CgiPath":"/mp/appmsg_comment","Action":"getcomme…in.qq.com","log_id":36408,"TimeStamp":1785983448}, reportjson2: {"bizuin":"Mzk0MzY5NjQ1MA==","appmsgid":2247508445…mgIndex=0","log_id":34384,"TimeStamp":1785983448}} @ https://res.wx.qq.com/mmbizappmsg/zh_CN/htmledition/js/assets/page_utils.msfvucbv22232f4c.js:0
[    2894ms] [LOG] dedupePromise key=getBiz:false:1 existing=undefined @ https://res.wx.qq.com/mmbizappmsg/zh_CN/htmledition/js/assets/page_utils.msfvucbv22232f4c.js:0
[    3690ms] [ERROR] bottombar-safe-bottom 0 @ https://mp.weixin.qq.com/s/iZ6jjvC7er_SpU0FNTbhtQ:8795
[    4542ms] [WARNING] event undefined haven't listeners! t @ https://open.weixin.qq.com/pcopensdk/frame:1
[    7074ms] [LOG] dedupePromise key=getBiz:false:1 existing=undefined @ https://res.wx.qq.com/mmbizappmsg/zh_CN/htmledition/js/assets/page_utils.msfvucbv22232f4c.js:0
[    7076ms] [LOG] [comm_report] reportjson:  {CgiPath: /mp/appmsgreport, Action: page_time_5s, Query: ?action=page_time_5s&__biz=Mzk0MzY5NjQ1MA==&uin=&k…%3D&appmsg_token=&x5=0&f=json&user_article_role=0, PostData: report_bizuin=Mzk0MzY5NjQ1MA%3D%3D&title=%E3%80%90…ype=&expsessionid=&effective_content_height=20631, Method: POST} @ https://res.wx.qq.com/mmbizappmsg/zh_CN/htmledition/js/assets/page_utils.msfvucbv22232f4c.js:0
[    7076ms] [ERROR] Failed to load resource: net::ERR_BLOCKED_BY_CLIENT @ https://mp.weixin.qq.com/mp/appmsgreport?action=page_time_5s&__biz=Mzk0MzY5NjQ1MA==&uin=&key=&pass_ticket=&wxtoken=777&devicetype=&clientversion=false&version=false&__biz=Mzk0MzY5NjQ1MA%3D%3D&appmsg_token=&x5=0&f=json&user_article_role=0:0
[    8083ms] [LOG] [reportData]:  {count: 1, reportjson0: {"CgiPath":"/mp/appmsgreport","Action":"page_time_…in.qq.com","log_id":36408,"TimeStamp":1785983453}} @ https://res.wx.qq.com/mmbizappmsg/zh_CN/htmledition/js/assets/page_utils.msfvucbv22232f4c.js:0
[    8083ms] [LOG] dedupePromise key=getBiz:false:1 existing=undefined @ https://res.wx.qq.com/mmbizappmsg/zh_CN/htmledition/js/assets/page_utils.msfvucbv22232f4c.js:0
[   11941ms] [LOG] [comm_report] reportjson:  {bizuin: Mzk0MzY5NjQ1MA==, appmsgid: 2247508445, itemidx: 1, scene: 0, subscene: 0} @ https://res.wx.qq.com/mmbizappmsg/zh_CN/htmledition/js/assets/page_utils.msfvucbv22232f4c.js:0
[   12289ms] [LOG] https://mmbiz.qpic.cn/mmbiz_png/7XLdVBfSLDWkqvl0kqxTA6o4a5mqLhRkXFRwKnwDszhrFwIDGVJh8oRerWtOs5gs41KafUsnVj86icd2kAszyMdMh1VAqibiaIyltxnMdyh86M/640?wx_fmt=png&from=appmsg&tp=webp&wxfrom=5&wx_lazy=1#imgIndex=2 img false https://mmbiz.qpic.cn/mmbiz_png/7XLdVBfSLDWkqvl0kqxTA6o4a5mqLhRkXFRwKnwDszhrFwIDGVJh8oRerWtOs5gs41KafUsnVj86icd2kAszyMdMh1VAqibiaIyltxnMdyh86M/640?wx_fmt=png&from=appmsg#imgIndex=2 @ https://res.wx.qq.com/mmbizappmsg/zh_CN/htmledition/js/assets/appmsg.msfvucbve7a278fc.js:2
[   12365ms] [LOG] js content size change @ https://res.wx.qq.com/mmbizappmsg/zh_CN/htmledition/js/assets/store.msfvucbv9821a13a.js:0
[   12946ms] [LOG] [reportData]:  {count: 1, reportjson0: {"bizuin":"Mzk0MzY5NjQ1MA==","appmsgid":2247508445…mgIndex=1","log_id":34384,"TimeStamp":1785983458}} @ https://res.wx.qq.com/mmbizappmsg/zh_CN/htmledition/js/assets/page_utils.msfvucbv22232f4c.js:0
[   12946ms] [LOG] dedupePromise key=getBiz:false:1 existing=undefined @ https://res.wx.qq.com/mmbizappmsg/zh_CN/htmledition/js/assets/page_utils.msfvucbv22232f4c.js:0
[   16826ms] [LOG] [comm_report] reportjson:  {bizuin: Mzk0MzY5NjQ1MA==, appmsgid: 2247508445, itemidx: 1, scene: 0, subscene: 0} @ https://res.wx.qq.com/mmbizappmsg/zh_CN/htmledition/js/assets/page_utils.msfvucbv22232f4c.js:0
[   17832ms] [LOG] [reportData]:  {count: 1, reportjson0: {"bizuin":"Mzk0MzY5NjQ1MA==","appmsgid":2247508445…mgIndex=2","log_id":34384,"TimeStamp":1785983463}} @ https://res.wx.qq.com/mmbizappmsg/zh_CN/htmledition/js/assets/page_utils.msfvucbv22232f4c.js:0
[   17832ms] [LOG] dedupePromise key=getBiz:false:1 existing=undefined @ https://res.wx.qq.com/mmbizappmsg/zh_CN/htmledition/js/assets/page_utils.msfvucbv22232f4c.js:0
[   20597ms] [LOG] https://mmbiz.qpic.cn/mmbiz_png/7XLdVBfSLDWVJ7L3Wib31EiaAJwGuvKg02QsicEJb8nnZCkPDbbnTg5aEhIIicDVj0XUiatQr5zs4rEaDtLjUTckhVJzFyFfld4hPLDddziblVks8/640?wx_fmt=png&from=appmsg&tp=webp&wxfrom=5&wx_lazy=1#imgIndex=3 img false https://mmbiz.qpic.cn/mmbiz_png/7XLdVBfSLDWVJ7L3Wib31EiaAJwGuvKg02QsicEJb8nnZCkPDbbnTg5aEhIIicDVj0XUiatQr5zs4rEaDtLjUTckhVJzFyFfld4hPLDddziblVks8/640?wx_fmt=png&from=appmsg#imgIndex=3 @ https://res.wx.qq.com/mmbizappmsg/zh_CN/htmledition/js/assets/appmsg.msfvucbve7a278fc.js:2
[   23654ms] [LOG] [comm_report] reportjson:  {bizuin: Mzk0MzY5NjQ1MA==, appmsgid: 2247508445, itemidx: 1, scene: 0, subscene: 0} @ https://res.wx.qq.com/mmbizappmsg/zh_CN/htmledition/js/assets/page_utils.msfvucbv22232f4c.js:0
[   24660ms] [LOG] [reportData]:  {count: 1, reportjson0: {"bizuin":"Mzk0MzY5NjQ1MA==","appmsgid":2247508445…mgIndex=3","log_id":34384,"TimeStamp":1785983470}} @ https://res.wx.qq.com/mmbizappmsg/zh_CN/htmledition/js/assets/page_utils.msfvucbv22232f4c.js:0
[   24660ms] [LOG] dedupePromise key=getBiz:false:1 existing=undefined @ https://res.wx.qq.com/mmbizappmsg/zh_CN/htmledition/js/assets/page_utils.msfvucbv22232f4c.js:0
[   34139ms] [LOG] https://mmbiz.qpic.cn/sz_mmbiz_png/7XLdVBfSLDUcKxwRq3njKh9MwgUhKnhXN89ibD0krBumyLhyXby4naiaszHAf2a7LFrUhibzU0bvEp0tJJUCuJhbAwZ67cj4uqsszzXlXU7b1w/640?wx_fmt=png&from=appmsg&tp=webp&wxfrom=5&wx_lazy=1#imgIndex=4 img false https://mmbiz.qpic.cn/sz_mmbiz_png/7XLdVBfSLDUcKxwRq3njKh9MwgUhKnhXN89ibD0krBumyLhyXby4naiaszHAf2a7LFrUhibzU0bvEp0tJJUCuJhbAwZ67cj4uqsszzXlXU7b1w/640?wx_fmt=png&from=appmsg#imgIndex=4 @ https://res.wx.qq.com/mmbizappmsg/zh_CN/htmledition/js/assets/appmsg.msfvucbve7a278fc.js:2
[   38665ms] [LOG] https://mmbiz.qpic.cn/mmbiz_png/7XLdVBfSLDVX1r1kJ9lp6uwrAl6uEpQaHp96DNicMflwb7GLVYic8Ez4xeJfgfKjnenQca2jiaEpk4BIusUuwKExVl1okw8vUIfkE8jl7xNWC4/640?wx_fmt=png&from=appmsg&tp=webp&wxfrom=5&wx_lazy=1#imgIndex=5 img false https://mmbiz.qpic.cn/mmbiz_png/7XLdVBfSLDVX1r1kJ9lp6uwrAl6uEpQaHp96DNicMflwb7GLVYic8Ez4xeJfgfKjnenQca2jiaEpk4BIusUuwKExVl1okw8vUIfkE8jl7xNWC4/640?wx_fmt=png&from=appmsg#imgIndex=5 @ https://res.wx.qq.com/mmbizappmsg/zh_CN/htmledition/js/assets/appmsg.msfvucbve7a278fc.js:2
[   46271ms] [LOG] [comm_report] reportjson:  {bizuin: Mzk0MzY5NjQ1MA==, appmsgid: 2247508445, itemidx: 1, scene: 0, subscene: 0} @ https://res.wx.qq.com/mmbizappmsg/zh_CN/htmledition/js/assets/page_utils.msfvucbv22232f4c.js:0
[   47272ms] [LOG] [reportData]:  {count: 1, reportjson0: {"bizuin":"Mzk0MzY5NjQ1MA==","appmsgid":2247508445…mgIndex=5","log_id":34384,"TimeStamp":1785983492}} @ https://res.wx.qq.com/mmbizappmsg/zh_CN/htmledition/js/assets/page_utils.msfvucbv22232f4c.js:0
[   47272ms] [LOG] dedupePromise key=getBiz:false:1 existing=undefined @ https://res.wx.qq.com/mmbizappmsg/zh_CN/htmledition/js/assets/page_utils.msfvucbv22232f4c.js:0
[   52428ms] [LOG] https://mmbiz.qpic.cn/mmbiz_png/7XLdVBfSLDVQt20Rq9rDa72aIqAKmqXQrlVkBjkLB24IXVqZBSJOX05ia8r5aZ7YlicDIncqibJd2lZsgtdw4HSLvA46xI2ibpmbPibppnJzXS4E/640?wx_fmt=png&from=appmsg&tp=webp&wxfrom=5&wx_lazy=1#imgIndex=6 img false https://mmbiz.qpic.cn/mmbiz_png/7XLdVBfSLDVQt20Rq9rDa72aIqAKmqXQrlVkBjkLB24IXVqZBSJOX05ia8r5aZ7YlicDIncqibJd2lZsgtdw4HSLvA46xI2ibpmbPibppnJzXS4E/640?wx_fmt=png&from=appmsg#imgIndex=6 @ https://res.wx.qq.com/mmbizappmsg/zh_CN/htmledition/js/assets/appmsg.msfvucbve7a278fc.js:2
[   52495ms] [LOG] js content size change @ https://res.wx.qq.com/mmbizappmsg/zh_CN/htmledition/js/assets/store.msfvucbv9821a13a.js:0
[   55653ms] [LOG] [comm_report] reportjson:  {bizuin: Mzk0MzY5NjQ1MA==, appmsgid: 2247508445, itemidx: 1, scene: 0, subscene: 0} @ https://res.wx.qq.com/mmbizappmsg/zh_CN/htmledition/js/assets/page_utils.msfvucbv22232f4c.js:0
[   56653ms] [LOG] [reportData]:  {count: 1, reportjson0: {"bizuin":"Mzk0MzY5NjQ1MA==","appmsgid":2247508445…mgIndex=6","log_id":34384,"TimeStamp":1785983502}} @ https://res.wx.qq.com/mmbizappmsg/zh_CN/htmledition/js/assets/page_utils.msfvucbv22232f4c.js:0
[   56653ms] [LOG] dedupePromise key=getBiz:false:1 existing=undefined @ https://res.wx.qq.com/mmbizappmsg/zh_CN/htmledition/js/assets/page_utils.msfvucbv22232f4c.js:0
[   61883ms] [LOG] https://mmbiz.qpic.cn/sz_mmbiz_png/7XLdVBfSLDU54kWT5N4bzQviam9gUVJoap85Xg6ibGbGuAibCiandjSoIL0NsZSXyU4DUAuAkEvMnK4cTs054KYicgpKSdm82HGaIia9CmlnHJCaw/640?wx_fmt=png&from=appmsg&tp=webp&wxfrom=5&wx_lazy=1#imgIndex=7 img false https://mmbiz.qpic.cn/sz_mmbiz_png/7XLdVBfSLDU54kWT5N4bzQviam9gUVJoap85Xg6ibGbGuAibCiandjSoIL0NsZSXyU4DUAuAkEvMnK4cTs054KYicgpKSdm82HGaIia9CmlnHJCaw/640?wx_fmt=png&from=appmsg#imgIndex=7 @ https://res.wx.qq.com/mmbizappmsg/zh_CN/htmledition/js/assets/appmsg.msfvucbve7a278fc.js:2
[   62001ms] [LOG] js content size change @ https://res.wx.qq.com/mmbizappmsg/zh_CN/htmledition/js/assets/store.msfvucbv9821a13a.js:0
[   68097ms] [LOG] [comm_report] reportjson:  {bizuin: Mzk0MzY5NjQ1MA==, appmsgid: 2247508445, itemidx: 1, scene: 0, subscene: 0} @ https://res.wx.qq.com/mmbizappmsg/zh_CN/htmledition/js/assets/page_utils.msfvucbv22232f4c.js:0
[   69104ms] [LOG] [reportData]:  {count: 1, reportjson0: {"bizuin":"Mzk0MzY5NjQ1MA==","appmsgid":2247508445…mgIndex=7","log_id":34384,"TimeStamp":1785983514}} @ https://res.wx.qq.com/mmbizappmsg/zh_CN/htmledition/js/assets/page_utils.msfvucbv22232f4c.js:0
[   69104ms] [LOG] dedupePromise key=getBiz:false:1 existing=undefined @ https://res.wx.qq.com/mmbizappmsg/zh_CN/htmledition/js/assets/page_utils.msfvucbv22232f4c.js:0
[   77821ms] [LOG] https://mmbiz.qpic.cn/mmbiz_jpg/7XLdVBfSLDVem90WqqmhicQwqc8AGD4QktWM6KcheQtUn03WouQrDYG53nnHSqnsZ7HHJZYrhSX8YqIHJvWYhibFLx1g9P4U1n9Oiasmib1gKBI/640?wx_fmt=jpeg&from=appmsg&tp=webp&wxfrom=5&wx_lazy=1#imgIndex=8 img true https://mmbiz.qpic.cn/mmbiz_jpg/7XLdVBfSLDVem90WqqmhicQwqc8AGD4QktWM6KcheQtUn03WouQrDYG53nnHSqnsZ7HHJZYrhSX8YqIHJvWYhibFLx1g9P4U1n9Oiasmib1gKBI/640?wx_fmt=jpeg&from=appmsg#imgIndex=8 @ https://res.wx.qq.com/mmbizappmsg/zh_CN/htmledition/js/assets/appmsg.msfvucbve7a278fc.js:2
[   77988ms] [LOG] js content size change @ https://res.wx.qq.com/mmbizappmsg/zh_CN/htmledition/js/assets/store.msfvucbv9821a13a.js:0
[   78493ms] [LOG] [comm_report] reportjson:  {bizuin: Mzk0MzY5NjQ1MA==, appmsgid: 2247508445, itemidx: 1, scene: 0, subscene: 0} @ https://res.wx.qq.com/mmbizappmsg/zh_CN/htmledition/js/assets/page_utils.msfvucbv22232f4c.js:0
[   79494ms] [LOG] [reportData]:  {count: 1, reportjson0: {"bizuin":"Mzk0MzY5NjQ1MA==","appmsgid":2247508445…mgIndex=8","log_id":34384,"TimeStamp":1785983524}} @ https://res.wx.qq.com/mmbizappmsg/zh_CN/htmledition/js/assets/page_utils.msfvucbv22232f4c.js:0
[   79494ms] [LOG] dedupePromise key=getBiz:false:1 existing=undefined @ https://res.wx.qq.com/mmbizappmsg/zh_CN/htmledition/js/assets/page_utils.msfvucbv22232f4c.js:0
[   88668ms] [LOG] https://mmbiz.qpic.cn/mmbiz_jpg/7XLdVBfSLDVjpSreQJgrwp5fGLXzNy7sIXoG187anGmXawySxNlVUMVzLXvbxN6Lbu8xTz5lxhet01Q3SmqgXyObNvoNicFcsfbziaxC98q8c/640?wx_fmt=jpeg&from=appmsg&tp=webp&wxfrom=5&wx_lazy=1#imgIndex=9 img true https://mmbiz.qpic.cn/mmbiz_jpg/7XLdVBfSLDVjpSreQJgrwp5fGLXzNy7sIXoG187anGmXawySxNlVUMVzLXvbxN6Lbu8xTz5lxhet01Q3SmqgXyObNvoNicFcsfbziaxC98q8c/640?wx_fmt=jpeg&from=appmsg#imgIndex=9 @ https://res.wx.qq.com/mmbizappmsg/zh_CN/htmledition/js/assets/appmsg.msfvucbve7a278fc.js:2
[   90223ms] [LOG] [comm_report] reportjson:  {bizuin: Mzk0MzY5NjQ1MA==, appmsgid: 2247508445, itemidx: 1, scene: 0, subscene: 0} @ https://res.wx.qq.com/mmbizappmsg/zh_CN/htmledition/js/assets/page_utils.msfvucbv22232f4c.js:0
[   91224ms] [LOG] [reportData]:  {count: 1, reportjson0: {"bizuin":"Mzk0MzY5NjQ1MA==","appmsgid":2247508445…mgIndex=9","log_id":34384,"TimeStamp":1785983536}} @ https://res.wx.qq.com/mmbizappmsg/zh_CN/htmledition/js/assets/page_utils.msfvucbv22232f4c.js:0
[   91224ms] [LOG] dedupePromise key=getBiz:false:1 existing=undefined @ https://res.wx.qq.com/mmbizappmsg/zh_CN/htmledition/js/assets/page_utils.msfvucbv22232f4c.js:0
[  100424ms] [LOG] https://mmbiz.qpic.cn/sz_mmbiz_png/7XLdVBfSLDUwkqRk0QMhgh303d935ykvgPHAwHAv5QG55BEFwaYpeMLmHYJ3VUJqy6yic7bqCTUHzfcbic3XPqjJwrbVmZ4zQFPSAMU9FzQZ0/640?wx_fmt=png&from=appmsg&tp=webp&wxfrom=5&wx_lazy=1#imgIndex=10 img false https://mmbiz.qpic.cn/sz_mmbiz_png/7XLdVBfSLDUwkqRk0QMhgh303d935ykvgPHAwHAv5QG55BEFwaYpeMLmHYJ3VUJqy6yic7bqCTUHzfcbic3XPqjJwrbVmZ4zQFPSAMU9FzQZ0/640?wx_fmt=png&from=appmsg#imgIndex=10 @ https://res.wx.qq.com/mmbizappmsg/zh_CN/htmledition/js/assets/appmsg.msfvucbve7a278fc.js:2
[  101007ms] [LOG] [comm_report] reportjson:  {bizuin: Mzk0MzY5NjQ1MA==, appmsgid: 2247508445, itemidx: 1, scene: 0, subscene: 0} @ https://res.wx.qq.com/mmbizappmsg/zh_CN/htmledition/js/assets/page_utils.msfvucbv22232f4c.js:0
[  102011ms] [LOG] [reportData]:  {count: 1, reportjson0: {"bizuin":"Mzk0MzY5NjQ1MA==","appmsgid":2247508445…gIndex=10","log_id":34384,"TimeStamp":1785983547}} @ https://res.wx.qq.com/mmbizappmsg/zh_CN/htmledition/js/assets/page_utils.msfvucbv22232f4c.js:0
[  102011ms] [LOG] dedupePromise key=getBiz:false:1 existing=undefined @ https://res.wx.qq.com/mmbizappmsg/zh_CN/htmledition/js/assets/page_utils.msfvucbv22232f4c.js:0
[  102045ms] [LOG] https://mmbiz.qpic.cn/mmbiz_png/7XLdVBfSLDXia74ygR3Wuo2bJQ8KCIXicm058MiaJqwhQyzr5LjESbciarnxnRYTq2M3J2ic84zibFMrpgq6oFe15CxuxNQNq09dq7SHM3UlRvyrk/640?wx_fmt=png&from=appmsg&tp=webp&wxfrom=5&wx_lazy=1#imgIndex=11 img false https://mmbiz.qpic.cn/mmbiz_png/7XLdVBfSLDXia74ygR3Wuo2bJQ8KCIXicm058MiaJqwhQyzr5LjESbciarnxnRYTq2M3J2ic84zibFMrpgq6oFe15CxuxNQNq09dq7SHM3UlRvyrk/640?wx_fmt=png&from=appmsg#imgIndex=11 @ https://res.wx.qq.com/mmbizappmsg/zh_CN/htmledition/js/assets/appmsg.msfvucbve7a278fc.js:2
[  107049ms] [LOG] [comm_report] reportjson:  {bizuin: Mzk0MzY5NjQ1MA==, appmsgid: 2247508445, itemidx: 1, scene: 0, subscene: 0} @ https://res.wx.qq.com/mmbizappmsg/zh_CN/htmledition/js/assets/page_utils.msfvucbv22232f4c.js:0
[  108050ms] [LOG] [reportData]:  {count: 1, reportjson0: {"bizuin":"Mzk0MzY5NjQ1MA==","appmsgid":2247508445…gIndex=11","log_id":34384,"TimeStamp":1785983553}} @ https://res.wx.qq.com/mmbizappmsg/zh_CN/htmledition/js/assets/page_utils.msfvucbv22232f4c.js:0
[  108050ms] [LOG] dedupePromise key=getBiz:false:1 existing=undefined @ https://res.wx.qq.com/mmbizappmsg/zh_CN/htmledition/js/assets/page_utils.msfvucbv22232f4c.js:0
[  113853ms] [LOG] https://mmbiz.qpic.cn/mmbiz_png/7XLdVBfSLDUAwicdXRLBicajTibrIolLyianC9NIliaickgKLzqZ1pwYgWkKliaJmvGq1BXPhNcymNqjrppjOb7UweWNPdrDkS4aQrPtkTaX9RRHVI/640?wx_fmt=png&from=appmsg&tp=webp&wxfrom=5&wx_lazy=1#imgIndex=12 img false https://mmbiz.qpic.cn/mmbiz_png/7XLdVBfSLDUAwicdXRLBicajTibrIolLyianC9NIliaickgKLzqZ1pwYgWkKliaJmvGq1BXPhNcymNqjrppjOb7UweWNPdrDkS4aQrPtkTaX9RRHVI/640?wx_fmt=png&from=appmsg#imgIndex=12 @ https://res.wx.qq.com/mmbizappmsg/zh_CN/htmledition/js/assets/appmsg.msfvucbve7a278fc.js:2
[  114057ms] [LOG] js content size change @ https://res.wx.qq.com/mmbizappmsg/zh_CN/htmledition/js/assets/store.msfvucbv9821a13a.js:0
[  114851ms] [LOG] https://mmbiz.qpic.cn/mmbiz_png/7XLdVBfSLDXNXlJib9ian9K8rMnfyGyCiaOAftkOdJkdhRpgGFelhzNnnFPIZ6Zw2nwdicSBQEjGX0fw5zicVFGCWhnp2RhTT4Gr2jYTfvpzCNzc/640?wx_fmt=png&from=appmsg&tp=webp&wxfrom=5&wx_lazy=1#imgIndex=13 img false https://mmbiz.qpic.cn/mmbiz_png/7XLdVBfSLDXNXlJib9ian9K8rMnfyGyCiaOAftkOdJkdhRpgGFelhzNnnFPIZ6Zw2nwdicSBQEjGX0fw5zicVFGCWhnp2RhTT4Gr2jYTfvpzCNzc/640?wx_fmt=png&from=appmsg#imgIndex=13 @ https://res.wx.qq.com/mmbizappmsg/zh_CN/htmledition/js/assets/appmsg.msfvucbve7a278fc.js:2
[  114869ms] [LOG] [comm_report] reportjson:  {bizuin: Mzk0MzY5NjQ1MA==, appmsgid: 2247508445, itemidx: 1, scene: 0, subscene: 0} @ https://res.wx.qq.com/mmbizappmsg/zh_CN/htmledition/js/assets/page_utils.msfvucbv22232f4c.js:0
[  115473ms] [LOG] [comm_report] reportjson:  {bizuin: Mzk0MzY5NjQ1MA==, appmsgid: 2247508445, itemidx: 1, scene: 0, subscene: 0} @ https://res.wx.qq.com/mmbizappmsg/zh_CN/htmledition/js/assets/page_utils.msfvucbv22232f4c.js:0
[  115879ms] [LOG] [reportData]:  {count: 2, reportjson0: {"bizuin":"Mzk0MzY5NjQ1MA==","appmsgid":2247508445…gIndex=12","log_id":34384,"TimeStamp":1785983561}, reportjson1: {"bizuin":"Mzk0MzY5NjQ1MA==","appmsgid":2247508445…gIndex=13","log_id":34384,"TimeStamp":1785983561}} @ https://res.wx.qq.com/mmbizappmsg/zh_CN/htmledition/js/assets/page_utils.msfvucbv22232f4c.js:0
[  115879ms] [LOG] dedupePromise key=getBiz:false:1 existing=undefined @ https://res.wx.qq.com/mmbizappmsg/zh_CN/htmledition/js/assets/page_utils.msfvucbv22232f4c.js:0
[  115927ms] [LOG] https://mmbiz.qpic.cn/mmbiz_png/7XLdVBfSLDULMoF7SLhZMSavzLxhjI8QF6zp8F7SeGLQmCiaYPKQtIcUtiad1CQzMDJ4Y3ichVN0ia4mdMpda1h6nCiabUjibjCcgAOPzeTNqoBY8/640?wx_fmt=png&from=appmsg&tp=webp&wxfrom=5&wx_lazy=1#imgIndex=14 img false https://mmbiz.qpic.cn/mmbiz_png/7XLdVBfSLDULMoF7SLhZMSavzLxhjI8QF6zp8F7SeGLQmCiaYPKQtIcUtiad1CQzMDJ4Y3ichVN0ia4mdMpda1h6nCiabUjibjCcgAOPzeTNqoBY8/640?wx_fmt=png&from=appmsg#imgIndex=14 @ https://res.wx.qq.com/mmbizappmsg/zh_CN/htmledition/js/assets/appmsg.msfvucbve7a278fc.js:2
[  116077ms] [LOG] js content size change @ https://res.wx.qq.com/mmbizappmsg/zh_CN/htmledition/js/assets/store.msfvucbv9821a13a.js:0
[  116583ms] [LOG] [comm_report] reportjson:  {bizuin: Mzk0MzY5NjQ1MA==, appmsgid: 2247508445, itemidx: 1, scene: 0, subscene: 0} @ https://res.wx.qq.com/mmbizappmsg/zh_CN/htmledition/js/assets/page_utils.msfvucbv22232f4c.js:0
[  116668ms] [LOG] https://mmbiz.qpic.cn/sz_mmbiz_png/7XLdVBfSLDXR9T2IuJ2yROYIdcg8MdQr5nohN88Ox7HpnXcYKibCmWnbURSFZSL0A1ueajqMcU9aEaPvLRtZzGATMTqibibXugBMJwEG3uRqBY/640?wx_fmt=png&from=appmsg&tp=webp&wxfrom=5&wx_lazy=1#imgIndex=15 img false https://mmbiz.qpic.cn/sz_mmbiz_png/7XLdVBfSLDXR9T2IuJ2yROYIdcg8MdQr5nohN88Ox7HpnXcYKibCmWnbURSFZSL0A1ueajqMcU9aEaPvLRtZzGATMTqibibXugBMJwEG3uRqBY/640?wx_fmt=png&from=appmsg#imgIndex=15 @ https://res.wx.qq.com/mmbizappmsg/zh_CN/htmledition/js/assets/appmsg.msfvucbve7a278fc.js:2
[  116733ms] [LOG] js content size change @ https://res.wx.qq.com/mmbizappmsg/zh_CN/htmledition/js/assets/store.msfvucbv9821a13a.js:0
[  117243ms] [LOG] [comm_report] reportjson:  {bizuin: Mzk0MzY5NjQ1MA==, appmsgid: 2247508445, itemidx: 1, scene: 0, subscene: 0} @ https://res.wx.qq.com/mmbizappmsg/zh_CN/htmledition/js/assets/page_utils.msfvucbv22232f4c.js:0
[  117295ms] [LOG] https://mmbiz.qpic.cn/sz_mmbiz_png/7XLdVBfSLDU9zjIsYZ43aJibU4vgduYicv9TNS3Hq8eqBy29riaPeic9YHmLK598cTfNxnIicpSZDUzGLMMS89HjdRGFAQib3vCv7suWFGEu4uicjU/640?wx_fmt=png&from=appmsg&tp=webp&wxfrom=5&wx_lazy=1#imgIndex=16 img false https://mmbiz.qpic.cn/sz_mmbiz_png/7XLdVBfSLDU9zjIsYZ43aJibU4vgduYicv9TNS3Hq8eqBy29riaPeic9YHmLK598cTfNxnIicpSZDUzGLMMS89HjdRGFAQib3vCv7suWFGEu4uicjU/640?wx_fmt=png&from=appmsg#imgIndex=16 @ https://res.wx.qq.com/mmbizappmsg/zh_CN/htmledition/js/assets/appmsg.msfvucbve7a278fc.js:2
[  117590ms] [LOG] [reportData]:  {count: 2, reportjson0: {"bizuin":"Mzk0MzY5NjQ1MA==","appmsgid":2247508445…gIndex=14","log_id":34384,"TimeStamp":1785983563}, reportjson1: {"bizuin":"Mzk0MzY5NjQ1MA==","appmsgid":2247508445…gIndex=15","log_id":34384,"TimeStamp":1785983563}} @ https://res.wx.qq.com/mmbizappmsg/zh_CN/htmledition/js/assets/page_utils.msfvucbv22232f4c.js:0
[  117591ms] [LOG] dedupePromise key=getBiz:false:1 existing=undefined @ https://res.wx.qq.com/mmbizappmsg/zh_CN/htmledition/js/assets/page_utils.msfvucbv22232f4c.js:0
[  119202ms] [LOG] [comm_report] reportjson:  {bizuin: Mzk0MzY5NjQ1MA==, appmsgid: 2247508445, itemidx: 1, scene: 0, subscene: 0} @ https://res.wx.qq.com/mmbizappmsg/zh_CN/htmledition/js/assets/page_utils.msfvucbv22232f4c.js:0
[  120204ms] [LOG] [reportData]:  {count: 1, reportjson0: {"bizuin":"Mzk0MzY5NjQ1MA==","appmsgid":2247508445…gIndex=16","log_id":34384,"TimeStamp":1785983565}} @ https://res.wx.qq.com/mmbizappmsg/zh_CN/htmledition/js/assets/page_utils.msfvucbv22232f4c.js:0
[  120204ms] [LOG] dedupePromise key=getBiz:false:1 existing=undefined @ https://res.wx.qq.com/mmbizappmsg/zh_CN/htmledition/js/assets/page_utils.msfvucbv22232f4c.js:0
[  140726ms] [LOG] https://mmbiz.qpic.cn/sz_mmbiz_png/7XLdVBfSLDV4064mkmZoWOzTGC35vOiblzRBgp0VgOzKx9RaQRzYUtDpsl75ticffqfh0MoytfiaE0Jp9dibqcvbhhm1ql0NUkaSHNNUEGAcl4c/640?wx_fmt=png&from=appmsg&tp=webp&wxfrom=5&wx_lazy=1#imgIndex=17 img false https://mmbiz.qpic.cn/sz_mmbiz_png/7XLdVBfSLDV4064mkmZoWOzTGC35vOiblzRBgp0VgOzKx9RaQRzYUtDpsl75ticffqfh0MoytfiaE0Jp9dibqcvbhhm1ql0NUkaSHNNUEGAcl4c/640?wx_fmt=png&from=appmsg#imgIndex=17 @ https://res.wx.qq.com/mmbizappmsg/zh_CN/htmledition/js/assets/appmsg.msfvucbve7a278fc.js:2
[  141319ms] [LOG] [comm_report] reportjson:  {bizuin: Mzk0MzY5NjQ1MA==, appmsgid: 2247508445, itemidx: 1, scene: 0, subscene: 0} @ https://res.wx.qq.com/mmbizappmsg/zh_CN/htmledition/js/assets/page_utils.msfvucbv22232f4c.js:0
[  142327ms] [LOG] [reportData]:  {count: 1, reportjson0: {"bizuin":"Mzk0MzY5NjQ1MA==","appmsgid":2247508445…gIndex=17","log_id":34384,"TimeStamp":1785983587}} @ https://res.wx.qq.com/mmbizappmsg/zh_CN/htmledition/js/assets/page_utils.msfvucbv22232f4c.js:0
[  142327ms] [LOG] dedupePromise key=getBiz:false:1 existing=undefined @ https://res.wx.qq.com/mmbizappmsg/zh_CN/htmledition/js/assets/page_utils.msfvucbv22232f4c.js:0
[  145036ms] [LOG] https://mmbiz.qpic.cn/sz_mmbiz_jpg/7XLdVBfSLDVQveg0edEkbqkFOAg3ibbUibfg8nDGte6Cc81bV8x1uvwZ9iaZbT7ZygQEzHHgVj3xZ64qZmWPyMzkRPZMHr9mjZqGgumeXe2MQs/640?wx_fmt=jpeg&from=appmsg&tp=webp&wxfrom=5&wx_lazy=1#imgIndex=18 img true https://mmbiz.qpic.cn/sz_mmbiz_jpg/7XLdVBfSLDVQveg0edEkbqkFOAg3ibbUibfg8nDGte6Cc81bV8x1uvwZ9iaZbT7ZygQEzHHgVj3xZ64qZmWPyMzkRPZMHr9mjZqGgumeXe2MQs/640?wx_fmt=jpeg&from=appmsg#imgIndex=18 @ https://res.wx.qq.com/mmbizappmsg/zh_CN/htmledition/js/assets/appmsg.msfvucbve7a278fc.js:2
[  145687ms] [LOG] [comm_report] reportjson:  {bizuin: Mzk0MzY5NjQ1MA==, appmsgid: 2247508445, itemidx: 1, scene: 0, subscene: 0} @ https://res.wx.qq.com/mmbizappmsg/zh_CN/htmledition/js/assets/page_utils.msfvucbv22232f4c.js:0
[  146688ms] [LOG] [reportData]:  {count: 1, reportjson0: {"bizuin":"Mzk0MzY5NjQ1MA==","appmsgid":2247508445…gIndex=18","log_id":34384,"TimeStamp":1785983592}} @ https://res.wx.qq.com/mmbizappmsg/zh_CN/htmledition/js/assets/page_utils.msfvucbv22232f4c.js:0
[  146688ms] [LOG] dedupePromise key=getBiz:false:1 existing=undefined @ https://res.wx.qq.com/mmbizappmsg/zh_CN/htmledition/js/assets/page_utils.msfvucbv22232f4c.js:0
[  154296ms] [LOG] https://mmbiz.qpic.cn/sz_mmbiz_jpg/7XLdVBfSLDWRVM1qDVdW8QTTnBL56JgS5ZHNJVfkTbJp9qRA6gYNFB05zpRPXq3n4WBuSZESWdPUrUy1XYydYm0Gy4QibebLLanPiaL8ONPJI/640?wx_fmt=jpeg&from=appmsg&tp=webp&wxfrom=5&wx_lazy=1#imgIndex=19 img true https://mmbiz.qpic.cn/sz_mmbiz_jpg/7XLdVBfSLDWRVM1qDVdW8QTTnBL56JgS5ZHNJVfkTbJp9qRA6gYNFB05zpRPXq3n4WBuSZESWdPUrUy1XYydYm0Gy4QibebLLanPiaL8ONPJI/640?wx_fmt=jpeg&from=appmsg#imgIndex=19 @ https://res.wx.qq.com/mmbizappmsg/zh_CN/htmledition/js/assets/appmsg.msfvucbve7a278fc.js:2
[  158518ms] [LOG] https://mmbiz.qpic.cn/mmbiz_png/7XLdVBfSLDVrXA1sEbN8lgrowRib3TGoawr1iaicma3AWIjcqRdGD5jAXicbW0rC4HfDheYD4ibuljsiasoAjGceMk7oFetibXUcia1TMBJ5ovefibCU/640?wx_fmt=png&from=appmsg&tp=webp&wxfrom=5&wx_lazy=1#imgIndex=20 img false https://mmbiz.qpic.cn/mmbiz_png/7XLdVBfSLDVrXA1sEbN8lgrowRib3TGoawr1iaicma3AWIjcqRdGD5jAXicbW0rC4HfDheYD4ibuljsiasoAjGceMk7oFetibXUcia1TMBJ5ovefibCU/640?wx_fmt=png&from=appmsg#imgIndex=20 @ https://res.wx.qq.com/mmbizappmsg/zh_CN/htmledition/js/assets/appmsg.msfvucbve7a278fc.js:2
[  158986ms] [LOG] [comm_report] reportjson:  {bizuin: Mzk0MzY5NjQ1MA==, appmsgid: 2247508445, itemidx: 1, scene: 0, subscene: 0} @ https://res.wx.qq.com/mmbizappmsg/zh_CN/htmledition/js/assets/page_utils.msfvucbv22232f4c.js:0
[  159987ms] [LOG] [reportData]:  {count: 1, reportjson0: {"bizuin":"Mzk0MzY5NjQ1MA==","appmsgid":2247508445…gIndex=19","log_id":34384,"TimeStamp":1785983605}} @ https://res.wx.qq.com/mmbizappmsg/zh_CN/htmledition/js/assets/page_utils.msfvucbv22232f4c.js:0
[  159987ms] [LOG] dedupePromise key=getBiz:false:1 existing=undefined @ https://res.wx.qq.com/mmbizappmsg/zh_CN/htmledition/js/assets/page_utils.msfvucbv22232f4c.js:0
[  160726ms] [LOG] https://mmbiz.qpic.cn/mmbiz_png/7XLdVBfSLDWYf139Wiazt0o2gtLQoo6KJeUGFs5ViaqFiaqvbefMm6bLyzkY8a66esQqNvxeHLo8pTByZrWjGx6af985NsrH4kAThKl2SEp9U4/640?wx_fmt=png&from=appmsg&tp=webp&wxfrom=5&wx_lazy=1#imgIndex=21 img false https://mmbiz.qpic.cn/mmbiz_png/7XLdVBfSLDWYf139Wiazt0o2gtLQoo6KJeUGFs5ViaqFiaqvbefMm6bLyzkY8a66esQqNvxeHLo8pTByZrWjGx6af985NsrH4kAThKl2SEp9U4/640?wx_fmt=png&from=appmsg#imgIndex=21 @ https://res.wx.qq.com/mmbizappmsg/zh_CN/htmledition/js/assets/appmsg.msfvucbve7a278fc.js:2
[  161181ms] [LOG] [comm_report] reportjson:  {bizuin: Mzk0MzY5NjQ1MA==, appmsgid: 2247508445, itemidx: 1, scene: 0, subscene: 0} @ https://res.wx.qq.com/mmbizappmsg/zh_CN/htmledition/js/assets/page_utils.msfvucbv22232f4c.js:0
[  161305ms] [LOG] [comm_report] reportjson:  {bizuin: Mzk0MzY5NjQ1MA==, appmsgid: 2247508445, itemidx: 1, scene: 0, subscene: 0} @ https://res.wx.qq.com/mmbizappmsg/zh_CN/htmledition/js/assets/page_utils.msfvucbv22232f4c.js:0
[  162185ms] [LOG] [reportData]:  {count: 2, reportjson0: {"bizuin":"Mzk0MzY5NjQ1MA==","appmsgid":2247508445…gIndex=20","log_id":34384,"TimeStamp":1785983607}, reportjson1: {"bizuin":"Mzk0MzY5NjQ1MA==","appmsgid":2247508445…gIndex=21","log_id":34384,"TimeStamp":1785983607}} @ https://res.wx.qq.com/mmbizappmsg/zh_CN/htmledition/js/assets/page_utils.msfvucbv22232f4c.js:0
[  162185ms] [LOG] dedupePromise key=getBiz:false:1 existing=undefined @ https://res.wx.qq.com/mmbizappmsg/zh_CN/htmledition/js/assets/page_utils.msfvucbv22232f4c.js:0
[  163983ms] [LOG] https://mmbiz.qpic.cn/mmbiz_png/7XLdVBfSLDVT1APen1ic5m7AF7OpndrJ1ojeM0FmIfIvsF0f9lX0BfIRKxqgufEA0gRnAcNxfUYW2u70ptwpAXXKAEkf2olmYEQDh0OkoAYo/640?wx_fmt=png&from=appmsg&tp=webp&wxfrom=5&wx_lazy=1#imgIndex=22 img false https://mmbiz.qpic.cn/mmbiz_png/7XLdVBfSLDVT1APen1ic5m7AF7OpndrJ1ojeM0FmIfIvsF0f9lX0BfIRKxqgufEA0gRnAcNxfUYW2u70ptwpAXXKAEkf2olmYEQDh0OkoAYo/640?wx_fmt=png&from=appmsg#imgIndex=22 @ https://res.wx.qq.com/mmbizappmsg/zh_CN/htmledition/js/assets/appmsg.msfvucbve7a278fc.js:2
[  164050ms] [LOG] js content size change @ https://res.wx.qq.com/mmbizappmsg/zh_CN/htmledition/js/assets/store.msfvucbv9821a13a.js:0
[  167910ms] [LOG] [comm_report] reportjson:  {bizuin: Mzk0MzY5NjQ1MA==, appmsgid: 2247508445, itemidx: 1, scene: 0, subscene: 0} @ https://res.wx.qq.com/mmbizappmsg/zh_CN/htmledition/js/assets/page_utils.msfvucbv22232f4c.js:0
[  168765ms] [LOG] https://mmbiz.qpic.cn/sz_mmbiz_png/7XLdVBfSLDVLoM4UebhbQBaOs5WArUTgfgYp4cI1c3wJsPTpWaibwh9plkZKwbLibjHiaWkAFRtyiaaibXWkNL59sgpC7siaQnPv0bC9icvrbcJGu4/640?wx_fmt=png&from=appmsg&tp=webp&wxfrom=5&wx_lazy=1#imgIndex=23 img false https://mmbiz.qpic.cn/sz_mmbiz_png/7XLdVBfSLDVLoM4UebhbQBaOs5WArUTgfgYp4cI1c3wJsPTpWaibwh9plkZKwbLibjHiaWkAFRtyiaaibXWkNL59sgpC7siaQnPv0bC9icvrbcJGu4/640?wx_fmt=png&from=appmsg#imgIndex=23 @ https://res.wx.qq.com/mmbizappmsg/zh_CN/htmledition/js/assets/appmsg.msfvucbve7a278fc.js:2
[  168914ms] [LOG] [reportData]:  {count: 1, reportjson0: {"bizuin":"Mzk0MzY5NjQ1MA==","appmsgid":2247508445…gIndex=22","log_id":34384,"TimeStamp":1785983614}} @ https://res.wx.qq.com/mmbizappmsg/zh_CN/htmledition/js/assets/page_utils.msfvucbv22232f4c.js:0
[  168914ms] [LOG] dedupePromise key=getBiz:false:1 existing=undefined @ https://res.wx.qq.com/mmbizappmsg/zh_CN/htmledition/js/assets/page_utils.msfvucbv22232f4c.js:0
[  169237ms] [LOG] https://mmbiz.qpic.cn/mmbiz_jpg/7XLdVBfSLDX8MmVmBZrgdOTzdkr7Lq6VsK3cRicQ05yQANZiblVpMLfZajAT5mVdsSrAwAC4p74IliarztCH4icIiak4iclk9gCSYGrAh6edRh314/640?wx_fmt=jpeg&from=appmsg&tp=webp&wxfrom=5&wx_lazy=1#imgIndex=24 img true https://mmbiz.qpic.cn/mmbiz_jpg/7XLdVBfSLDX8MmVmBZrgdOTzdkr7Lq6VsK3cRicQ05yQANZiblVpMLfZajAT5mVdsSrAwAC4p74IliarztCH4icIiak4iclk9gCSYGrAh6edRh314/640?wx_fmt=jpeg&from=appmsg#imgIndex=24 @ https://res.wx.qq.com/mmbizappmsg/zh_CN/htmledition/js/assets/appmsg.msfvucbve7a278fc.js:2
[  169365ms] [LOG] [comm_report] reportjson:  {bizuin: Mzk0MzY5NjQ1MA==, appmsgid: 2247508445, itemidx: 1, scene: 0, subscene: 0} @ https://res.wx.qq.com/mmbizappmsg/zh_CN/htmledition/js/assets/page_utils.msfvucbv22232f4c.js:0
[  169369ms] [LOG] js content size change @ https://res.wx.qq.com/mmbizappmsg/zh_CN/htmledition/js/assets/store.msfvucbv9821a13a.js:0
[  169872ms] [LOG] [comm_report] reportjson:  {bizuin: Mzk0MzY5NjQ1MA==, appmsgid: 2247508445, itemidx: 1, scene: 0, subscene: 0} @ https://res.wx.qq.com/mmbizappmsg/zh_CN/htmledition/js/assets/page_utils.msfvucbv22232f4c.js:0
[  170368ms] [LOG] [reportData]:  {count: 2, reportjson0: {"bizuin":"Mzk0MzY5NjQ1MA==","appmsgid":2247508445…gIndex=23","log_id":34384,"TimeStamp":1785983615}, reportjson1: {"bizuin":"Mzk0MzY5NjQ1MA==","appmsgid":2247508445…gIndex=24","log_id":34384,"TimeStamp":1785983616}} @ https://res.wx.qq.com/mmbizappmsg/zh_CN/htmledition/js/assets/page_utils.msfvucbv22232f4c.js:0
[  170368ms] [LOG] dedupePromise key=getBiz:false:1 existing=undefined @ https://res.wx.qq.com/mmbizappmsg/zh_CN/htmledition/js/assets/page_utils.msfvucbv22232f4c.js:0
[  171907ms] [LOG] https://mmbiz.qpic.cn/mmbiz_png/7XLdVBfSLDUecvU6CicMtR9KXI8nx6kuda85YyibmmHIMyIfB7T4Gcszdz2khYbRrZzcv2O0U2ib0wjNIBsw16t5I3Fz0Hm7ibjchWMINibAOBSw/640?wx_fmt=png&from=appmsg&tp=webp&wxfrom=5&wx_lazy=1#imgIndex=25 img false https://mmbiz.qpic.cn/mmbiz_png/7XLdVBfSLDUecvU6CicMtR9KXI8nx6kuda85YyibmmHIMyIfB7T4Gcszdz2khYbRrZzcv2O0U2ib0wjNIBsw16t5I3Fz0Hm7ibjchWMINibAOBSw/640?wx_fmt=png&from=appmsg#imgIndex=25 @ https://res.wx.qq.com/mmbizappmsg/zh_CN/htmledition/js/assets/appmsg.msfvucbve7a278fc.js:2
[  171984ms] [LOG] js content size change @ https://res.wx.qq.com/mmbizappmsg/zh_CN/htmledition/js/assets/store.msfvucbv9821a13a.js:0
[  172486ms] [LOG] [comm_report] reportjson:  {bizuin: Mzk0MzY5NjQ1MA==, appmsgid: 2247508445, itemidx: 1, scene: 0, subscene: 0} @ https://res.wx.qq.com/mmbizappmsg/zh_CN/htmledition/js/assets/page_utils.msfvucbv22232f4c.js:0
[  172712ms] [LOG] https://mmbiz.qpic.cn/sz_mmbiz_png/7XLdVBfSLDXwlr5icRVKhk2TXPdkMgEjAeTnPuZQ10q5TszPTVYQRpl1ibLQ1kjFQ5OX8ExHuq9mGLKklAKCbJ2cfYgJLTEdNeZvnUHGSGb34/640?wx_fmt=png&from=appmsg&tp=webp&wxfrom=5&wx_lazy=1#imgIndex=26 img false https://mmbiz.qpic.cn/sz_mmbiz_png/7XLdVBfSLDXwlr5icRVKhk2TXPdkMgEjAeTnPuZQ10q5TszPTVYQRpl1ibLQ1kjFQ5OX8ExHuq9mGLKklAKCbJ2cfYgJLTEdNeZvnUHGSGb34/640?wx_fmt=png&from=appmsg#imgIndex=26 @ https://res.wx.qq.com/mmbizappmsg/zh_CN/htmledition/js/assets/appmsg.msfvucbve7a278fc.js:2
[  173323ms] [LOG] https://mmbiz.qpic.cn/sz_mmbiz_png/7XLdVBfSLDXBHL3xOD2MgZTaw8QEAEksHvcc1Okc9VNYy0ILjEn3WwIznpTJhENsC9TZjnaAvgiarkK8OBcicrU9KianbqWC5tSIzdxEkgAFAg/640?wx_fmt=png&from=appmsg&tp=webp&wxfrom=5&wx_lazy=1#imgIndex=27 img false https://mmbiz.qpic.cn/sz_mmbiz_png/7XLdVBfSLDXBHL3xOD2MgZTaw8QEAEksHvcc1Okc9VNYy0ILjEn3WwIznpTJhENsC9TZjnaAvgiarkK8OBcicrU9KianbqWC5tSIzdxEkgAFAg/640?wx_fmt=png&from=appmsg#imgIndex=27 @ https://res.wx.qq.com/mmbizappmsg/zh_CN/htmledition/js/assets/appmsg.msfvucbve7a278fc.js:2
[  173351ms] [LOG] https://mmbiz.qpic.cn/sz_mmbiz_gif/7XLdVBfSLDX899Ucq8LscQSDEl80LzeE2oWeMxAiaAaYTZibskZAaLpsF6ZNhDcZoXp9DMUglreppDEK5eHdqib7SsZbohq9JQSNzyYrNm6aNk/640?wx_fmt=gif&from=appmsg&tp=webp&wxfrom=5&wx_lazy=1#imgIndex=28 img false https://mmbiz.qpic.cn/sz_mmbiz_gif/7XLdVBfSLDX899Ucq8LscQSDEl80LzeE2oWeMxAiaAaYTZibskZAaLpsF6ZNhDcZoXp9DMUglreppDEK5eHdqib7SsZbohq9JQSNzyYrNm6aNk/640?wx_fmt=gif&from=appmsg#imgIndex=28 @ https://res.wx.qq.com/mmbizappmsg/zh_CN/htmledition/js/assets/appmsg.msfvucbve7a278fc.js:2
[  173422ms] [LOG] ======all-img-loaded @ https://res.wx.qq.com/mmbizappmsg/zh_CN/htmledition/js/assets/appmsg.msfvucbve7a278fc.js:2
[  173424ms] [LOG] js content size change @ https://res.wx.qq.com/mmbizappmsg/zh_CN/htmledition/js/assets/store.msfvucbv9821a13a.js:0
[  173486ms] [LOG] [reportData]:  {count: 1, reportjson0: {"bizuin":"Mzk0MzY5NjQ1MA==","appmsgid":2247508445…gIndex=25","log_id":34384,"TimeStamp":1785983618}} @ https://res.wx.qq.com/mmbizappmsg/zh_CN/htmledition/js/assets/page_utils.msfvucbv22232f4c.js:0
[  173486ms] [LOG] dedupePromise key=getBiz:false:1 existing=undefined @ https://res.wx.qq.com/mmbizappmsg/zh_CN/htmledition/js/assets/page_utils.msfvucbv22232f4c.js:0
[  173785ms] [LOG] [comm_report] reportjson:  {bizuin: Mzk0MzY5NjQ1MA==, appmsgid: 2247508445, itemidx: 1, scene: 0, subscene: 0} @ https://res.wx.qq.com/mmbizappmsg/zh_CN/htmledition/js/assets/page_utils.msfvucbv22232f4c.js:0
[  173889ms] [LOG] [comm_report] reportjson:  {bizuin: Mzk0MzY5NjQ1MA==, appmsgid: 2247508445, itemidx: 1, scene: 0, subscene: 0} @ https://res.wx.qq.com/mmbizappmsg/zh_CN/htmledition/js/assets/page_utils.msfvucbv22232f4c.js:0
[  173925ms] [LOG] [comm_report] reportjson:  {bizuin: Mzk0MzY5NjQ1MA==, appmsgid: 2247508445, itemidx: 1, scene: 0, subscene: 0} @ https://res.wx.qq.com/mmbizappmsg/zh_CN/htmledition/js/assets/page_utils.msfvucbv22232f4c.js:0
[  173956ms] [LOG] dedupePromise key=getBiz:false:1 existing=undefined @ https://mp.weixin.qq.com/s/iZ6jjvC7er_SpU0FNTbhtQ:5442
[  173958ms] [ERROR] Failed to load resource: net::ERR_BLOCKED_BY_CLIENT @ https://mp.weixin.qq.com/mp/jsmonitor?uin=&key=&pass_ticket=&wxtoken=777&devicetype=&clientversion=false&version=false&__biz=Mzk0MzY5NjQ1MA%3D%3D&appmsg_token=&x5=0&f=json&user_article_role=0#wechat_redirect:0
[  174786ms] [LOG] [reportData]:  {count: 3, reportjson0: {"bizuin":"Mzk0MzY5NjQ1MA==","appmsgid":2247508445…gIndex=26","log_id":34384,"TimeStamp":1785983620}, reportjson1: {"bizuin":"Mzk0MzY5NjQ1MA==","appmsgid":2247508445…gIndex=27","log_id":34384,"TimeStamp":1785983620}, reportjson2: {"bizuin":"Mzk0MzY5NjQ1MA==","appmsgid":2247508445…gIndex=28","log_id":34384,"TimeStamp":1785983620}} @ https://res.wx.qq.com/mmbizappmsg/zh_CN/htmledition/js/assets/page_utils.msfvucbv22232f4c.js:0
[  174786ms] [LOG] dedupePromise key=getBiz:false:1 existing=undefined @ https://res.wx.qq.com/mmbizappmsg/zh_CN/htmledition/js/assets/page_utils.msfvucbv22232f4c.js:0
[  177962ms] [LOG] dedupePromise key=getBiz:false:1 existing=undefined @ https://mp.weixin.qq.com/s/iZ6jjvC7er_SpU0FNTbhtQ:5442
[  177963ms] [ERROR] Failed to load resource: net::ERR_BLOCKED_BY_CLIENT @ https://mp.weixin.qq.com/mp/jsmonitor?uin=&key=&pass_ticket=&wxtoken=777&devicetype=&clientversion=false&version=false&__biz=Mzk0MzY5NjQ1MA%3D%3D&appmsg_token=&x5=0&f=json&user_article_role=0#wechat_redirect:0
[  178882ms] [LOG] dedupePromise key=getBiz:false:1 existing=undefined @ https://res.wx.qq.com/mmbizappmsg/zh_CN/htmledition/js/assets/page_utils.msfvucbv22232f4c.js:0
[  178924ms] [ERROR] Failed to load resource: the server responded with a status of 404 () @ https://res.wx.qq.com/mmbizappmsg/zh_CN/htmledition/js/assets/page_utils.msfvucbv22232f4c.js:0
[  178924ms] [LOG] [comm_report] reportjson:  {CgiPath: /mp/advertisement_report&report_type=3&action_type…d=svr_27a7632cdf4&enterid=1785983451&rec_req_id=0, Action: , Query: ?uin=&key=&pass_ticket=&wxtoken=777&devicetype=&cl…%3D&appmsg_token=&x5=0&f=json&user_article_role=0, PostData: , Method: GET} @ https://res.wx.qq.com/mmbizappmsg/zh_CN/htmledition/js/assets/page_utils.msfvucbv22232f4c.js:0
[  178929ms] [LOG] ======ad fontScaleCssVars change 1 1 1 @ https://res.wx.qq.com/mmbizappmsg/zh_CN/htmledition/js/assets/a.msfvucbv9a79251c.js:0
[  178929ms] [LOG] ======ad fontScaleCssVars change 1 1 1 @ https://res.wx.qq.com/mmbizappmsg/zh_CN/htmledition/js/assets/a.msfvucbv9a79251c.js:0
[  178930ms] [LOG] ========lastUpdateTime updated @ https://res.wx.qq.com/mmbizappmsg/zh_CN/htmledition/js/assets/appmsg.msfvucbve7a278fc.js:2
[  178966ms] [LOG] dedupePromise key=getBiz:false:1 existing=undefined @ https://mp.weixin.qq.com/s/iZ6jjvC7er_SpU0FNTbhtQ:5442
[  178967ms] [ERROR] Failed to load resource: net::ERR_BLOCKED_BY_CLIENT @ https://mp.weixin.qq.com/mp/jsmonitor?uin=&key=&pass_ticket=&wxtoken=777&devicetype=&clientversion=false&version=false&__biz=Mzk0MzY5NjQ1MA%3D%3D&appmsg_token=&x5=0&f=json&user_article_role=0#wechat_redirect:0
[  179891ms] [INFO] %c%s line-height: 30px; color: #FF6699 bili-fe-fp: 1.1.4 @ https://s1.hdslb.com/bfs/seed/jinkela/short/user-fingerprint/bili-user-fingerprint.min.js:0
[  180064ms] [ERROR] Failed to load resource: net::ERR_BLOCKED_BY_CLIENT @ https://api.bilibili.com/x/internal/gaia-gateway/ExClimbWuzhi:0
[  180064ms] undefined
[  180094ms] [INFO] %c bili-fe-mirror %c v2.1.0  padding: 2px 6px; border-radius: 3px 0 0 3px; color: #fff; background: #FF6699; font-weight: bold; padding: 2px 6px; border-radius: 0 3px 3px 0; color: #fff; background: #FF9999; font-weight: bold; @ https://s1.hdslb.com/bfs/seed/jinkela/short/b-mirror/biliMirror.umd.mini.js:1
[  180145ms] [LOG] Chat-Memo: 注入式侧边栏功能已加载 @ chrome-extension://cfmmkmfimmmfikomegalpmgookideojo/js/content_common.js:967
[  180169ms] [ERROR] Permissions policy violation: unload is not allowed in this document. @ chrome-extension://jaleebmaoohbjjohjlfmihkkopgfibne/0r0akgg.js:1
[  180264ms] [LOG] Chat-Memo: 初始化通用功能 @ chrome-extension://cfmmkmfimmmfikomegalpmgookideojo/js/content_common.js:52
[  180321ms] [LOG] %c
                     //
         \\         //
          \\       //
    ##DDDDDDDDDDDDDDDDDDDDDD##
    ## DDDDDDDDDDDDDDDDDDDD ##   ________   ___   ___        ___   ________   ___   ___        ___
    ## hh                hh ##   |\   __  \ |\  \ |\  \      |\  \ |\   __  \ |\  \ |\  \      |\  \
    ## hh    //    \\    hh ##   \ \  \|\ /_\ \  \\ \  \     \ \  \\ \  \|\ /_\ \  \\ \  \     \ \  \
    ## hh   //      \\   hh ##    \ \   __  \\ \  \\ \  \     \ \  \\ \   __  \\ \  \\ \  \     \ \  \
    ## hh                hh ##     \ \  \|\  \\ \  \\ \  \____ \ \  \\ \  \|\  \\ \  \\ \  \____ \ \  \
    ## hh      wwww      hh ##      \ \_______\\ \__\\ \_______\\ \__\\ \_______\\ \__\\ \_______\\ \__\
    ## hh                hh ##       \|_______| \|__| \|_______| \|__| \|_______| \|__| \|_______| \|__|
    ## MMMMMMMMMMMMMMMMMMMM ##
    ##MMMMMMMMMMMMMMMMMMMMMM##                                          Release undefined@no release yet
         \/            \/                                       Powered by @bilibili/jinkela-core@2.8.14 color:#00a1d6 @ https://s1.hdslb.com/bfs/static/jinkela/video/video.c61be82040de3ff4f7e6964beb0db4bed5b50dbf.js:0
[  180486ms] [INFO] Images loaded lazily and replaced with placeholders. Load events are deferred. See https://go.microsoft.com/fwlink/?linkid=2048113 @ https://www.bilibili.com/video/BV1C6Z7BwEFY/:0
[  180561ms] [ERROR] Permissions policy violation: unload is not allowed in this document. @ https://s1.hdslb.com/bfs/static/jinkela/video/video.c61be82040de3ff4f7e6964beb0db4bed5b50dbf.js:145
[  181169ms] Uncaught TypeError: Cannot read properties of undefined (reading 'addIceCandidate')
    at I (https://s1.hdslb.com/bfs/static/nc/nc-loader-2.14.0.min.js:1:271746)
    at <anonymous> (https://s1.hdslb.com/bfs/static/nc/nc-loader-2.14.0.min.js:1:291845)
    at 565 (https://s1.hdslb.com/bfs/static/nc/nc-loader-2.14.0.min.js:1:292614)
    at n (https://s1.hdslb.com/bfs/static/nc/nc-loader-2.14.0.min.js:1:389720)
    at <anonymous> (https://s1.hdslb.com/bfs/static/nc/nc-loader-2.14.0.min.js:1:390279)
    at <anonymous> (https://s1.hdslb.com/bfs/static/nc/nc-loader-2.14.0.min.js:1:396022)
    at t (https://s1.hdslb.com/bfs/static/nc/nc-loader-2.14.0.min.js:1:396037)
    at <anonymous> (https://s1.hdslb.com/bfs/static/nc/nc-loader-2.14.0.min.js:1:396229)
[  181178ms] [INFO] This page uses the built-in LanguageDetector feature. To learn more and leave feedback, see https://learn.microsoft.com/microsoft-edge/web-platform/languagedetector-api @ chrome-extension://amkbmndfnliijdhojkpoglbnaaahippg/content_main.js:4916
[  181202ms] [LOG] 白屏检测是否正常 {status: ok, loop: 0, data: Object} @ https://www.bilibili.com/video/BV1C6Z7BwEFY/:8
[  181220ms] [WARNING] [Mirror]: 无法解析的错误: Script error. @ https://s1.hdslb.com/bfs/seed/jinkela/short/b-mirror/biliMirror.umd.mini.js:1
