[     954ms] [INFO] This page uses the built-in LanguageDetector feature. To learn more and leave feedback, see https://learn.microsoft.com/microsoft-edge/web-platform/languagedetector-api @ chrome-extension://amkbmndfnliijdhojkpoglbnaaahippg/content_main.js:4916
[    6514ms] [LOG] Chat-Memo: 注入式侧边栏功能已加载 @ chrome-extension://cfmmkmfimmmfikomegalpmgookideojo/js/content_common.js:967
[    6549ms] [ERROR] Failed to load resource: net::ERR_BLOCKED_BY_CLIENT @ https://collector.github.com/github/collect:0
[    6627ms] [LOG] Chat-Memo: 初始化通用功能 @ chrome-extension://cfmmkmfimmmfikomegalpmgookideojo/js/content_common.js:52
[    6648ms] [ERROR] Failed to load resource: net::ERR_BLOCKED_BY_CLIENT @ https://api.github.com/_private/browser/stats:0
[    7281ms] [ERROR] Failed to load resource: net::ERR_BLOCKED_BY_CLIENT @ https://collector.github.com/github/collect:0
[    8138ms] [ERROR] Failed to load resource: net::ERR_BLOCKED_BY_CLIENT @ https://collector.github.com/github/collect:0
[   13154ms] [ERROR] Failed to load resource: net::ERR_BLOCKED_BY_CLIENT @ https://collector.github.com/github/collect:0
[   14034ms] [ERROR] Failed to load resource: net::ERR_BLOCKED_BY_CLIENT @ https://api.github.com/_private/browser/stats:0
[  118320ms] [ERROR] Failed to load resource: net::ERR_BLOCKED_BY_CLIENT @ https://api.github.com/_private/browser/stats:0
[  123334ms] [ERROR] Failed to load resource: net::ERR_BLOCKED_BY_CLIENT @ https://collector.github.com/github/collect:0
[  125368ms] [ERROR] Failed to load resource: net::ERR_BLOCKED_BY_CLIENT @ https://api.github.com/_private/browser/stats:0
[  132349ms] [ERROR] Failed to load resource: net::ERR_BLOCKED_BY_CLIENT @ https://collector.github.com/github/collect:0
[  137434ms] [ERROR] Failed to load resource: net::ERR_BLOCKED_BY_CLIENT @ https://api.github.com/_private/browser/stats:0
[  137434ms] [ERROR] Failed to load resource: net::ERR_BLOCKED_BY_CLIENT @ https://collector.github.com/github/collect:0
[  143805ms] [ERROR] Failed to load resource: net::ERR_BLOCKED_BY_CLIENT @ https://api.github.com/_private/browser/stats:0
[  143806ms] [ERROR] Failed to load resource: net::ERR_BLOCKED_BY_CLIENT @ https://collector.github.com/github/collect:0
[  151731ms] [ERROR] Failed to load resource: net::ERR_BLOCKED_BY_CLIENT @ https://collector.github.com/github/collect:0
[  155591ms] [ERROR] Failed to load resource: net::ERR_BLOCKED_BY_CLIENT @ https://api.github.com/_private/browser/stats:0
[  161301ms] [ERROR] Failed to load resource: net::ERR_BLOCKED_BY_CLIENT @ https://collector.github.com/github/collect:0
[  166389ms] [ERROR] Failed to load resource: net::ERR_BLOCKED_BY_CLIENT @ https://api.github.com/_private/browser/stats:0
[  166390ms] [ERROR] Failed to load resource: net::ERR_BLOCKED_BY_CLIENT @ https://collector.github.com/github/collect:0
[  172529ms] [ERROR] Failed to load resource: net::ERR_BLOCKED_BY_CLIENT @ https://collector.github.com/github/collect:0
[  177626ms] [ERROR] Failed to load resource: net::ERR_BLOCKED_BY_CLIENT @ https://collector.github.com/github/collect:0
[  178889ms] [ERROR] Failed to load resource: net::ERR_BLOCKED_BY_CLIENT @ https://api.github.com/_private/browser/stats:0
[  184258ms] [ERROR] Failed to load resource: net::ERR_BLOCKED_BY_CLIENT @ https://collector.github.com/github/collect:0
[  190626ms] [ERROR] Failed to load resource: net::ERR_BLOCKED_BY_CLIENT @ https://api.github.com/_private/browser/stats:0
[  190626ms] [ERROR] Failed to load resource: net::ERR_BLOCKED_BY_CLIENT @ https://collector.github.com/github/collect:0
[  197383ms] [ERROR] Failed to load resource: net::ERR_BLOCKED_BY_CLIENT @ https://api.github.com/_private/browser/stats:0
[  197383ms] [ERROR] Failed to load resource: net::ERR_BLOCKED_BY_CLIENT @ https://collector.github.com/github/collect:0
[  214452ms] [ERROR] Failed to load resource: net::ERR_BLOCKED_BY_CLIENT @ https://api.github.com/_private/browser/stats:0
[  219487ms] [ERROR] Failed to load resource: net::ERR_BLOCKED_BY_CLIENT @ https://collector.github.com/github/collect:0
[  226523ms] [ERROR] Failed to load resource: net::ERR_BLOCKED_BY_CLIENT @ https://api.github.com/_private/browser/stats:0
[  231543ms] [ERROR] Failed to load resource: net::ERR_BLOCKED_BY_CLIENT @ https://api.github.com/_private/browser/stats:0
[  231543ms] [ERROR] Failed to load resource: net::ERR_BLOCKED_BY_CLIENT @ https://collector.github.com/github/collect:0
[  240583ms] [ERROR] Failed to load resource: net::ERR_BLOCKED_BY_CLIENT @ https://api.github.com/_private/browser/stats:0
[  245604ms] [ERROR] Failed to load resource: net::ERR_BLOCKED_BY_CLIENT @ https://collector.github.com/github/collect:0
[  247615ms] [ERROR] Failed to load resource: net::ERR_BLOCKED_BY_CLIENT @ https://api.github.com/_private/browser/stats:0
[  252632ms] [ERROR] Failed to load resource: net::ERR_BLOCKED_BY_CLIENT @ https://collector.github.com/github/collect:0
[  274750ms] [ERROR] Failed to load resource: net::ERR_BLOCKED_BY_CLIENT @ https://api.github.com/_private/browser/stats:0
[  278764ms] [ERROR] Failed to load resource: net::ERR_BLOCKED_BY_CLIENT @ https://api.github.com/_private/browser/stats:0
[  279772ms] [ERROR] Failed to load resource: net::ERR_BLOCKED_BY_CLIENT @ https://collector.github.com/github/collect:0
[  287799ms] [ERROR] Failed to load resource: net::ERR_BLOCKED_BY_CLIENT @ https://api.github.com/_private/browser/stats:0
[  292841ms] [ERROR] Failed to load resource: net::ERR_BLOCKED_BY_CLIENT @ https://collector.github.com/github/collect:0
[  308194ms] [ERROR] Failed to load resource: net::ERR_BLOCKED_BY_CLIENT @ https://collector.github.com/github/collect:0
[  310202ms] [ERROR] Failed to load resource: net::ERR_BLOCKED_BY_CLIENT @ https://api.github.com/_private/browser/stats:0
[  315223ms] [ERROR] Failed to load resource: net::ERR_BLOCKED_BY_CLIENT @ https://api.github.com/_private/browser/stats:0
[  318237ms] [ERROR] Failed to load resource: net::ERR_BLOCKED_BY_CLIENT @ https://collector.github.com/github/collect:0
[  361667ms] [ERROR] Failed to load resource: net::ERR_BLOCKED_BY_CLIENT @ https://api.github.com/_private/browser/stats:0
[  366924ms] [ERROR] Failed to load resource: net::ERR_BLOCKED_BY_CLIENT @ https://collector.github.com/github/collect:0
[  367933ms] [ERROR] Failed to load resource: net::ERR_BLOCKED_BY_CLIENT @ https://api.github.com/_private/browser/stats:0
[  372952ms] [ERROR] Failed to load resource: net::ERR_BLOCKED_BY_CLIENT @ https://collector.github.com/github/collect:0
[  381980ms] [ERROR] Failed to load resource: net::ERR_BLOCKED_BY_CLIENT @ https://api.github.com/_private/browser/stats:0
[  387015ms] [ERROR] Failed to load resource: net::ERR_BLOCKED_BY_CLIENT @ https://collector.github.com/github/collect:0
[  395058ms] [ERROR] Failed to load resource: net::ERR_BLOCKED_BY_CLIENT @ https://api.github.com/_private/browser/stats:0
[  400078ms] [ERROR] Failed to load resource: net::ERR_BLOCKED_BY_CLIENT @ https://collector.github.com/github/collect:0
[  417139ms] [ERROR] Failed to load resource: net::ERR_BLOCKED_BY_CLIENT @ https://api.github.com/_private/browser/stats:0
[  420153ms] [ERROR] Failed to load resource: net::ERR_BLOCKED_BY_CLIENT @ https://api.github.com/_private/browser/stats:0
[  423161ms] [ERROR] Failed to load resource: net::ERR_BLOCKED_BY_CLIENT @ https://collector.github.com/github/collect:0
[  429383ms] [ERROR] Failed to load resource: net::ERR_BLOCKED_BY_CLIENT @ https://api.github.com/_private/browser/stats:0
[  429383ms] [ERROR] Failed to load resource: net::ERR_BLOCKED_BY_CLIENT @ https://collector.github.com/github/collect:0
[  440431ms] [ERROR] Failed to load resource: net::ERR_BLOCKED_BY_CLIENT @ https://api.github.com/_private/browser/stats:0
[  445459ms] [ERROR] Failed to load resource: net::ERR_BLOCKED_BY_CLIENT @ https://collector.github.com/github/collect:0
[  459521ms] [ERROR] Failed to load resource: net::ERR_BLOCKED_BY_CLIENT @ https://api.github.com/_private/browser/stats:0
[  465543ms] [ERROR] Failed to load resource: net::ERR_BLOCKED_BY_CLIENT @ https://api.github.com/_private/browser/stats:0
[  465543ms] [ERROR] Failed to load resource: net::ERR_BLOCKED_BY_CLIENT @ https://collector.github.com/github/collect:0
[  481604ms] [ERROR] Failed to load resource: net::ERR_BLOCKED_BY_CLIENT @ https://api.github.com/_private/browser/stats:0
[  485625ms] [ERROR] Failed to load resource: net::ERR_BLOCKED_BY_CLIENT @ https://api.github.com/_private/browser/stats:0
[  486626ms] [ERROR] Failed to load resource: net::ERR_BLOCKED_BY_CLIENT @ https://collector.github.com/github/collect:0
[  490639ms] [ERROR] Failed to load resource: net::ERR_BLOCKED_BY_CLIENT @ https://api.github.com/_private/browser/stats:0
[  494660ms] [ERROR] Failed to load resource: net::ERR_BLOCKED_BY_CLIENT @ https://collector.github.com/github/collect:0
[  496667ms] [ERROR] Failed to load resource: net::ERR_BLOCKED_BY_CLIENT @ https://api.github.com/_private/browser/stats:0
[  502126ms] [ERROR] Failed to load resource: net::ERR_BLOCKED_BY_CLIENT @ https://collector.github.com/github/collect:0
[  505139ms] [ERROR] Failed to load resource: net::ERR_BLOCKED_BY_CLIENT @ https://api.github.com/_private/browser/stats:0
[  509154ms] [ERROR] Failed to load resource: net::ERR_BLOCKED_BY_CLIENT @ https://collector.github.com/github/collect:0
[  516195ms] [ERROR] Failed to load resource: net::ERR_BLOCKED_BY_CLIENT @ https://api.github.com/_private/browser/stats:0
[  521216ms] [ERROR] Failed to load resource: net::ERR_BLOCKED_BY_CLIENT @ https://collector.github.com/github/collect:0
[  522331ms] [ERROR] Failed to load resource: net::ERR_BLOCKED_BY_CLIENT @ https://api.github.com/_private/browser/stats:0
[  527355ms] [ERROR] Failed to load resource: net::ERR_BLOCKED_BY_CLIENT @ https://collector.github.com/github/collect:0
[  543421ms] [ERROR] Failed to load resource: net::ERR_BLOCKED_BY_CLIENT @ https://api.github.com/_private/browser/stats:0
[  547446ms] [ERROR] Failed to load resource: net::ERR_BLOCKED_BY_CLIENT @ https://api.github.com/_private/browser/stats:0
[  548452ms] [ERROR] Failed to load resource: net::ERR_BLOCKED_BY_CLIENT @ https://collector.github.com/github/collect:0
[  568528ms] [ERROR] Failed to load resource: net::ERR_BLOCKED_BY_CLIENT @ https://api.github.com/_private/browser/stats:0
[  573550ms] [ERROR] Failed to load resource: net::ERR_BLOCKED_BY_CLIENT @ https://api.github.com/_private/browser/stats:0
[  573550ms] [ERROR] Failed to load resource: net::ERR_BLOCKED_BY_CLIENT @ https://collector.github.com/github/collect:0
[  580169ms] [ERROR] Failed to load resource: net::ERR_BLOCKED_BY_CLIENT @ https://collector.github.com/github/collect:0
[  583174ms] [ERROR] Failed to load resource: net::ERR_BLOCKED_BY_CLIENT @ https://api.github.com/_private/browser/stats:0
[  587195ms] [ERROR] Failed to load resource: net::ERR_BLOCKED_BY_CLIENT @ https://api.github.com/_private/browser/stats:0
[  592225ms] [ERROR] Failed to load resource: net::ERR_BLOCKED_BY_CLIENT @ https://collector.github.com/github/collect:0
[  616327ms] [ERROR] Failed to load resource: net::ERR_BLOCKED_BY_CLIENT @ https://api.github.com/_private/browser/stats:0
[  621341ms] [ERROR] Failed to load resource: net::ERR_BLOCKED_BY_CLIENT @ https://api.github.com/_private/browser/stats:0
[  621341ms] [ERROR] Failed to load resource: net::ERR_BLOCKED_BY_CLIENT @ https://collector.github.com/github/collect:0
[  629585ms] [ERROR] Failed to load resource: net::ERR_BLOCKED_BY_CLIENT @ https://api.github.com/_private/browser/stats:0
[  630591ms] [ERROR] Failed to load resource: net::ERR_BLOCKED_BY_CLIENT @ https://collector.github.com/github/collect:0
