[     354ms] [INFO] %c%s line-height: 30px; color: #FF6699 bili-fe-fp: 1.1.4 @ https://s1.hdslb.com/bfs/seed/jinkela/short/user-fingerprint/bili-user-fingerprint.min.js:0
[     495ms] [INFO] %c bili-fe-mirror %c v2.1.0  padding: 2px 6px; border-radius: 3px 0 0 3px; color: #fff; background: #FF6699; font-weight: bold; padding: 2px 6px; border-radius: 0 3px 3px 0; color: #fff; background: #FF9999; font-weight: bold; @ https://s1.hdslb.com/bfs/seed/jinkela/short/b-mirror/biliMirror.umd.mini.js:1
[     520ms] [LOG] Chat-Memo: 注入式侧边栏功能已加载 @ chrome-extension://cfmmkmfimmmfikomegalpmgookideojo/js/content_common.js:967
[     541ms] [ERROR] Permissions policy violation: unload is not allowed in this document. @ chrome-extension://jaleebmaoohbjjohjlfmihkkopgfibne/0r0akgg.js:1
[     555ms] [LOG] 白屏检测是否正常 {status: ok, loop: 0, data: Object} @ https://www.bilibili.com/video/BV1Tt421F7Ei/?spm_id_from=333.337.search-card.all.click:4
[     658ms] [LOG] Chat-Memo: 初始化通用功能 @ chrome-extension://cfmmkmfimmmfikomegalpmgookideojo/js/content_common.js:52
[     667ms] [ERROR] Failed to load resource: net::ERR_BLOCKED_BY_CLIENT @ https://api.bilibili.com/x/internal/gaia-gateway/ExClimbWuzhi:0
[     686ms] Uncaught (in promise) undefined
    at <anonymous> (https://s1.hdslb.com/bfs/seed/log/report/log-reporter.js:1:42777)
[     800ms] [INFO] This page uses the built-in LanguageDetector feature. To learn more and leave feedback, see https://learn.microsoft.com/microsoft-edge/web-platform/languagedetector-api @ chrome-extension://amkbmndfnliijdhojkpoglbnaaahippg/content_main.js:4916
[    1282ms] [LOG] %c
                     //
         \\         //
          \\       //
    ##DDDDDDDDDDDDDDDDDDDDDD##
    ## DDDDDDDDDDDDDDDDDDDD ##   ________   ___   ___        ___   ________   ___   ___        ___
    ## hh                hh ##   |\   __  \ |\  \ |\  \      |\  \ |\   __  \ |\  \ |\  \      |\  \
    ## hh    //    \\    hh ##   \ \  \|\ /_\ \  \\ \  \     \ \  \\ \  \|\ /_\ \  \\ \  \     \ \  \
    ## hh   //      \\   hh ##    \ \   __  \\ \  \\ \  \     \ \  \\ \   __  \\ \  \\ \  \     \ \  \
    ## hh                hh ##     \ \  \|\  \\ \  \\ \  \____ \ \  \\ \  \|\  \\ \  \\ \  \____ \ \  \
    ## hh      wwww      hh ##      \ \_______\\ \__\\ \_______\\ \__\\ \_______\\ \__\\ \_______\\ \__\
    ## hh                hh ##       \|_______| \|__| \|_______| \|__| \|_______| \|__| \|_______| \|__|
    ## MMMMMMMMMMMMMMMMMMMM ##
    ##MMMMMMMMMMMMMMMMMMMMMM##                                          Release undefined@no release yet
         \/            \/                                       Powered by @bilibili/jinkela-core@2.8.14 color:#00a1d6 @ https://s1.hdslb.com/bfs/static/jinkela/video/video.c61be82040de3ff4f7e6964beb0db4bed5b50dbf.js:0
[    1452ms] [INFO] Images loaded lazily and replaced with placeholders. Load events are deferred. See https://go.microsoft.com/fwlink/?linkid=2048113 @ https://www.bilibili.com/video/BV1Tt421F7Ei/?spm_id_from=333.337.search-card.all.click:0
[    1636ms] [ERROR] Permissions policy violation: unload is not allowed in this document. @ https://s1.hdslb.com/bfs/static/jinkela/video/video.c61be82040de3ff4f7e6964beb0db4bed5b50dbf.js:145
[    1981ms] Uncaught TypeError: Cannot read properties of undefined (reading 'addIceCandidate')
    at I (https://s1.hdslb.com/bfs/static/nc/nc-loader-2.14.0.min.js:1:271746)
    at <anonymous> (https://s1.hdslb.com/bfs/static/nc/nc-loader-2.14.0.min.js:1:291845)
    at 565 (https://s1.hdslb.com/bfs/static/nc/nc-loader-2.14.0.min.js:1:292614)
    at n (https://s1.hdslb.com/bfs/static/nc/nc-loader-2.14.0.min.js:1:389720)
    at <anonymous> (https://s1.hdslb.com/bfs/static/nc/nc-loader-2.14.0.min.js:1:390279)
    at <anonymous> (https://s1.hdslb.com/bfs/static/nc/nc-loader-2.14.0.min.js:1:396022)
    at t (https://s1.hdslb.com/bfs/static/nc/nc-loader-2.14.0.min.js:1:396037)
    at <anonymous> (https://s1.hdslb.com/bfs/static/nc/nc-loader-2.14.0.min.js:1:396229)
[    2104ms] [WARNING] [Mirror]: 无法解析的错误: Script error. @ https://s1.hdslb.com/bfs/seed/jinkela/short/b-mirror/biliMirror.umd.mini.js:1
