[     252ms] [VERBOSE] Rendering was performed in a subtree hidden by content-visibility. @ https://cn.bing.com/search?q=ai+agent+book&form=ANNTH1&refig=6a73e0a200f5430d93e651a63f2f8cce&pc=CNNDDB:8
[     252ms] [VERBOSE] Rendering was performed in a subtree hidden by content-visibility. @ https://cn.bing.com/search?q=ai+agent+book&form=ANNTH1&refig=6a73e0a200f5430d93e651a63f2f8cce&pc=CNNDDB:8
[     253ms] [VERBOSE] Rendering was performed in a subtree hidden by content-visibility. @ https://cn.bing.com/search?q=ai+agent+book&form=ANNTH1&refig=6a73e0a200f5430d93e651a63f2f8cce&pc=CNNDDB:8
[     253ms] [VERBOSE] Rendering was performed in a subtree hidden by content-visibility. @ https://cn.bing.com/search?q=ai+agent+book&form=ANNTH1&refig=6a73e0a200f5430d93e651a63f2f8cce&pc=CNNDDB:8
[     253ms] [VERBOSE] Rendering was performed in a subtree hidden by content-visibility. @ https://cn.bing.com/search?q=ai+agent+book&form=ANNTH1&refig=6a73e0a200f5430d93e651a63f2f8cce&pc=CNNDDB:8
[     253ms] [VERBOSE] Rendering was performed in a subtree hidden by content-visibility. @ https://cn.bing.com/search?q=ai+agent+book&form=ANNTH1&refig=6a73e0a200f5430d93e651a63f2f8cce&pc=CNNDDB:8
[     253ms] [VERBOSE] Rendering was performed in a subtree hidden by content-visibility. @ https://cn.bing.com/search?q=ai+agent+book&form=ANNTH1&refig=6a73e0a200f5430d93e651a63f2f8cce&pc=CNNDDB:8
[     253ms] [VERBOSE] Rendering was performed in a subtree hidden by content-visibility. @ https://cn.bing.com/search?q=ai+agent+book&form=ANNTH1&refig=6a73e0a200f5430d93e651a63f2f8cce&pc=CNNDDB:8
[     253ms] [VERBOSE] Rendering was performed in a subtree hidden by content-visibility. @ https://cn.bing.com/search?q=ai+agent+book&form=ANNTH1&refig=6a73e0a200f5430d93e651a63f2f8cce&pc=CNNDDB:8
[     253ms] [VERBOSE] Rendering was performed in a subtree hidden by content-visibility. @ https://cn.bing.com/search?q=ai+agent+book&form=ANNTH1&refig=6a73e0a200f5430d93e651a63f2f8cce&pc=CNNDDB:8
[     253ms] [VERBOSE] Rendering was performed in a subtree hidden by content-visibility. @ https://cn.bing.com/search?q=ai+agent+book&form=ANNTH1&refig=6a73e0a200f5430d93e651a63f2f8cce&pc=CNNDDB:8
[     253ms] [VERBOSE] Rendering was performed in a subtree hidden by content-visibility. @ https://cn.bing.com/search?q=ai+agent+book&form=ANNTH1&refig=6a73e0a200f5430d93e651a63f2f8cce&pc=CNNDDB:8
[     498ms] [LOG] Chat-Memo: 注入式侧边栏功能已加载 @ chrome-extension://cfmmkmfimmmfikomegalpmgookideojo/js/content_common.js:967
[     508ms] [ERROR] Failed to load resource: net::ERR_BLOCKED_BY_CLIENT @ https://cn.bing.com/fd/ls/l?IG=F741DF72ED064E4BA5C83D4FCF263755&Type=Event.CPT&DATA={%22pp%22:{%22S%22:%22L%22,%22FC%22:17,%22BC%22:227,%22SE%22:-1,%22TC%22:-1,%22H%22:255,%22BP%22:270,%22CT%22:271,%22IL%22:1},%22ad%22:[-1,-1,1897,948,1897,2513,0],%22net%22:%22undefined%22}&P=SERP&DA=HKGE01&dl=5:0
[     602ms] [LOG] Chat-Memo: 初始化通用功能 @ chrome-extension://cfmmkmfimmmfikomegalpmgookideojo/js/content_common.js:52
[     795ms] [INFO] This page uses the built-in LanguageDetector feature. To learn more and leave feedback, see https://learn.microsoft.com/microsoft-edge/web-platform/languagedetector-api @ chrome-extension://amkbmndfnliijdhojkpoglbnaaahippg/content_main.js:4916
[    1095ms] [ERROR] Failed to load resource: net::ERR_BLOCKED_BY_CLIENT @ https://cn.bing.com/web/xlsc.aspx?dl=1&f=8:0
[    1098ms] [ERROR] Failed to load resource: net::ERR_BLOCKED_BY_CLIENT @ https://cn.bing.com/fd/ls/l?IG=F741DF72ED064E4BA5C83D4FCF263755&Type=Event.PPT&DATA={%22S%22:296,%22E%22:865,%22T%22:0,%22I%22:0,%22N%22:{},%22M%22:{}}&P=SERP&DA=HKGE01&dl=5:0
[    1099ms] [ERROR] Access to fetch at 'https://vcf.bing.com/bd/verify?IID=BdVerify&SFX=1&IG=F741DF72ED064E4BA5C83D4FCF263755' from origin 'https://cn.bing.com' has been blocked by CORS policy: The 'Access-Control-Allow-Origin' header has a value 'https://www.bing.com' that is not equal to the supplied origin. Have the server send the header with a valid value. @ https://cn.bing.com/search?q=ai+agent+book&form=ANNTH1&refig=6a73e0a200f5430d93e651a63f2f8cce&pc=CNNDDB:0
[    1099ms] [ERROR] Failed to load resource: net::ERR_FAILED @ https://vcf.bing.com/bd/verify?IID=BdVerify&SFX=1&IG=F741DF72ED064E4BA5C83D4FCF263755:0
[    3100ms] [ERROR] Failed to load resource: net::ERR_BLOCKED_BY_CLIENT @ https://cn.bing.com/web/xlsc.aspx?dl=1&f=8:0
[    4788ms] [ERROR] Failed to load resource: net::ERR_BLOCKED_BY_CLIENT @ https://cn.bing.com/fd/ls/lsp.aspx?:0
[    5110ms] [ERROR] Failed to load resource: net::ERR_BLOCKED_BY_CLIENT @ https://cn.bing.com/web/xlsc.aspx?dl=1&f=8:0
[    7117ms] [ERROR] Failed to load resource: net::ERR_BLOCKED_BY_CLIENT @ https://cn.bing.com/web/xlsc.aspx?dl=1&f=8:0
[   10749ms] [ERROR] Failed to load resource: net::ERR_BLOCKED_BY_CLIENT @ https://cn.bing.com/web/xlsc.aspx?dl=1&f=8:0
[   10749ms] [ERROR] Failed to load resource: net::ERR_BLOCKED_BY_CLIENT @ https://cn.bing.com/web/xlsc.aspx?dl=1&f=8:0
[   11237ms] [ERROR] Failed to load resource: net::ERR_BLOCKED_BY_CLIENT @ https://cn.bing.com/fd/ls/l?IG=BCE19DCA2EA24B3090F4BCA9E96462BE&Type=Event.CPT&DATA={%22pp%22:{%22S%22:%22L%22,%22FC%22:6,%22BC%22:341,%22SE%22:-1,%22TC%22:-1,%22H%22:346,%22BP%22:356,%22CT%22:356,%22IL%22:0},%22ad%22:[-1,-1,1897,948,1897,2184,0],%22net%22:%22undefined%22}&P=SERP&DA=HKGE01&dl=5:0
[   11260ms] [ERROR] Failed to load resource: net::ERR_BLOCKED_BY_CLIENT @ https://cn.bing.com/web/xlsc.aspx?dl=1&f=8:0
[   11325ms] [ERROR] Failed to load resource: net::ERR_BLOCKED_BY_CLIENT @ https://cn.bing.com/web/xlsc.aspx?dl=1&f=8:0
[   11494ms] [ERROR] Failed to load resource: net::ERR_BLOCKED_BY_CLIENT @ https://cn.bing.com/fd/ls/l?IG=BCE19DCA2EA24B3090F4BCA9E96462BE&Type=Event.PPT&DATA={%22S%22:370,%22E%22:637,%22T%22:0,%22I%22:0,%22N%22:{},%22M%22:{}}&P=SERP&DA=HKGE01&dl=5:0
[   11526ms] [ERROR] Access to fetch at 'https://vcf.bing.com/bd/verify?IID=BdVerify&SFX=1&IG=BCE19DCA2EA24B3090F4BCA9E96462BE' from origin 'https://cn.bing.com' has been blocked by CORS policy: The 'Access-Control-Allow-Origin' header has a value 'https://www.bing.com' that is not equal to the supplied origin. Have the server send the header with a valid value. @ https://cn.bing.com/search?q=code%20review%20graph&qs=n&form=QBRE&sp=-1&lq=0&pq=code%20review%20graph&sc=12-17&sk=&cvid=F741DF72ED064E4BA5C83D4FCF263755:0
[   11526ms] [ERROR] Failed to load resource: net::ERR_FAILED @ https://vcf.bing.com/bd/verify?IID=BdVerify&SFX=1&IG=BCE19DCA2EA24B3090F4BCA9E96462BE:0
[   12523ms] [ERROR] Failed to load resource: net::ERR_BLOCKED_BY_CLIENT @ https://cn.bing.com/fd/ls/GLinkPingPost.aspx?IG=BCE19DCA2EA24B3090F4BCA9E96462BE&ID=SERP,5174.2&url=https%3A%2F%2Fgithub.com%2Ftirth8205%2Fcode-review-graph:0
[   13242ms] [ERROR] Failed to load resource: net::ERR_BLOCKED_BY_CLIENT @ https://cn.bing.com/web/xlsc.aspx?dl=1&f=8:0
[   13499ms] [ERROR] Failed to load resource: net::ERR_BLOCKED_BY_CLIENT @ https://cn.bing.com/web/xlsc.aspx?dl=1&f=8:0
[   15253ms] [ERROR] Failed to load resource: net::ERR_BLOCKED_BY_CLIENT @ https://cn.bing.com/web/xlsc.aspx?dl=1&f=8:0
[   15509ms] [ERROR] Failed to load resource: net::ERR_BLOCKED_BY_CLIENT @ https://cn.bing.com/web/xlsc.aspx?dl=1&f=8:0
[   17257ms] [ERROR] Failed to load resource: net::ERR_BLOCKED_BY_CLIENT @ https://cn.bing.com/web/xlsc.aspx?dl=1&f=8:0
[   17516ms] [ERROR] Failed to load resource: net::ERR_BLOCKED_BY_CLIENT @ https://cn.bing.com/web/xlsc.aspx?dl=1&f=8:0
[   19263ms] [ERROR] Failed to load resource: net::ERR_BLOCKED_BY_CLIENT @ https://cn.bing.com/web/xlsc.aspx?dl=1&f=8:0
[   19526ms] [ERROR] Failed to load resource: net::ERR_BLOCKED_BY_CLIENT @ https://cn.bing.com/web/xlsc.aspx?dl=1&f=8:0
[   21277ms] [ERROR] Failed to load resource: net::ERR_BLOCKED_BY_CLIENT @ https://cn.bing.com/web/xlsc.aspx?dl=1&f=8:0
[   21540ms] [ERROR] Failed to load resource: net::ERR_BLOCKED_BY_CLIENT @ https://cn.bing.com/web/xlsc.aspx?dl=1&f=8:0
[   23290ms] [ERROR] Failed to load resource: net::ERR_BLOCKED_BY_CLIENT @ https://cn.bing.com/web/xlsc.aspx?dl=1&f=8:0
[   23550ms] [ERROR] Failed to load resource: net::ERR_BLOCKED_BY_CLIENT @ https://cn.bing.com/web/xlsc.aspx?dl=1&f=8:0
[   25302ms] [ERROR] Failed to load resource: net::ERR_BLOCKED_BY_CLIENT @ https://cn.bing.com/web/xlsc.aspx?dl=1&f=8:0
[   25560ms] [ERROR] Failed to load resource: net::ERR_BLOCKED_BY_CLIENT @ https://cn.bing.com/web/xlsc.aspx?dl=1&f=8:0
[   27304ms] [ERROR] Failed to load resource: net::ERR_BLOCKED_BY_CLIENT @ https://cn.bing.com/web/xlsc.aspx?dl=1&f=8:0
[   27564ms] [ERROR] Failed to load resource: net::ERR_BLOCKED_BY_CLIENT @ https://cn.bing.com/web/xlsc.aspx?dl=1&f=8:0
[   29305ms] [ERROR] Failed to load resource: net::ERR_BLOCKED_BY_CLIENT @ https://cn.bing.com/web/xlsc.aspx?dl=1&f=8:0
[   31316ms] [ERROR] Failed to load resource: net::ERR_BLOCKED_BY_CLIENT @ https://cn.bing.com/web/xlsc.aspx?dl=1&f=8:0
[   33329ms] [ERROR] Failed to load resource: net::ERR_BLOCKED_BY_CLIENT @ https://cn.bing.com/web/xlsc.aspx?dl=1&f=8:0
[   35341ms] [ERROR] Failed to load resource: net::ERR_BLOCKED_BY_CLIENT @ https://cn.bing.com/web/xlsc.aspx?dl=1&f=8:0
[   37345ms] [ERROR] Failed to load resource: net::ERR_BLOCKED_BY_CLIENT @ https://cn.bing.com/web/xlsc.aspx?dl=1&f=8:0
[   39357ms] [ERROR] Failed to load resource: net::ERR_BLOCKED_BY_CLIENT @ https://cn.bing.com/web/xlsc.aspx?dl=1&f=8:0
[   41367ms] [ERROR] Failed to load resource: net::ERR_BLOCKED_BY_CLIENT @ https://cn.bing.com/web/xlsc.aspx?dl=1&f=8:0
[   43370ms] [ERROR] Failed to load resource: net::ERR_BLOCKED_BY_CLIENT @ https://cn.bing.com/web/xlsc.aspx?dl=1&f=8:0
[   45380ms] [ERROR] Failed to load resource: net::ERR_BLOCKED_BY_CLIENT @ https://cn.bing.com/web/xlsc.aspx?dl=1&f=8:0
[   47393ms] [ERROR] Failed to load resource: net::ERR_BLOCKED_BY_CLIENT @ https://cn.bing.com/web/xlsc.aspx?dl=1&f=8:0
[   49405ms] [ERROR] Failed to load resource: net::ERR_BLOCKED_BY_CLIENT @ https://cn.bing.com/web/xlsc.aspx?dl=1&f=8:0
[   51414ms] [ERROR] Failed to load resource: net::ERR_BLOCKED_BY_CLIENT @ https://cn.bing.com/web/xlsc.aspx?dl=1&f=8:0
[   53418ms] [ERROR] Failed to load resource: net::ERR_BLOCKED_BY_CLIENT @ https://cn.bing.com/web/xlsc.aspx?dl=1&f=8:0
[   55426ms] [ERROR] Failed to load resource: net::ERR_BLOCKED_BY_CLIENT @ https://cn.bing.com/web/xlsc.aspx?dl=1&f=8:0
[   57430ms] [ERROR] Failed to load resource: net::ERR_BLOCKED_BY_CLIENT @ https://cn.bing.com/web/xlsc.aspx?dl=1&f=8:0
[   59444ms] [ERROR] Failed to load resource: net::ERR_BLOCKED_BY_CLIENT @ https://cn.bing.com/web/xlsc.aspx?dl=1&f=8:0
[   61457ms] [ERROR] Failed to load resource: net::ERR_BLOCKED_BY_CLIENT @ https://cn.bing.com/web/xlsc.aspx?dl=1&f=8:0
[   63464ms] [ERROR] Failed to load resource: net::ERR_BLOCKED_BY_CLIENT @ https://cn.bing.com/web/xlsc.aspx?dl=1&f=8:0
[   65477ms] [ERROR] Failed to load resource: net::ERR_BLOCKED_BY_CLIENT @ https://cn.bing.com/web/xlsc.aspx?dl=1&f=8:0
[   67483ms] [ERROR] Failed to load resource: net::ERR_BLOCKED_BY_CLIENT @ https://cn.bing.com/web/xlsc.aspx?dl=1&f=8:0
[   69487ms] [ERROR] Failed to load resource: net::ERR_BLOCKED_BY_CLIENT @ https://cn.bing.com/web/xlsc.aspx?dl=1&f=8:0
[   71492ms] [ERROR] Failed to load resource: net::ERR_BLOCKED_BY_CLIENT @ https://cn.bing.com/web/xlsc.aspx?dl=1&f=8:0
[   73507ms] [ERROR] Failed to load resource: net::ERR_BLOCKED_BY_CLIENT @ https://cn.bing.com/web/xlsc.aspx?dl=1&f=8:0
[   75517ms] [ERROR] Failed to load resource: net::ERR_BLOCKED_BY_CLIENT @ https://cn.bing.com/web/xlsc.aspx?dl=1&f=8:0
[   77521ms] [ERROR] Failed to load resource: net::ERR_BLOCKED_BY_CLIENT @ https://cn.bing.com/web/xlsc.aspx?dl=1&f=8:0
[   79534ms] [ERROR] Failed to load resource: net::ERR_BLOCKED_BY_CLIENT @ https://cn.bing.com/web/xlsc.aspx?dl=1&f=8:0
[   81535ms] [ERROR] Failed to load resource: net::ERR_BLOCKED_BY_CLIENT @ https://cn.bing.com/web/xlsc.aspx?dl=1&f=8:0
[   83550ms] [ERROR] Failed to load resource: net::ERR_BLOCKED_BY_CLIENT @ https://cn.bing.com/web/xlsc.aspx?dl=1&f=8:0
[   85560ms] [ERROR] Failed to load resource: net::ERR_BLOCKED_BY_CLIENT @ https://cn.bing.com/web/xlsc.aspx?dl=1&f=8:0
[   87572ms] [ERROR] Failed to load resource: net::ERR_BLOCKED_BY_CLIENT @ https://cn.bing.com/web/xlsc.aspx?dl=1&f=8:0
[   89582ms] [ERROR] Failed to load resource: net::ERR_BLOCKED_BY_CLIENT @ https://cn.bing.com/web/xlsc.aspx?dl=1&f=8:0
[   91587ms] [ERROR] Failed to load resource: net::ERR_BLOCKED_BY_CLIENT @ https://cn.bing.com/web/xlsc.aspx?dl=1&f=8:0
[   93599ms] [ERROR] Failed to load resource: net::ERR_BLOCKED_BY_CLIENT @ https://cn.bing.com/web/xlsc.aspx?dl=1&f=8:0
[  544108ms] [ERROR] Failed to load resource: net::ERR_BLOCKED_BY_CLIENT @ https://cn.bing.com/web/xlsc.aspx?dl=1&f=8:0
