[42842969ms] [ERROR] Failed to load resource: the server responded with a status of 401 () @ https://new.tryallai.org/backend-api/connectors/check?connector_names=gdrive&connector_names=o365_personal&connector_names=o365_business:0
[44251591ms] [ERROR] Failed to load resource: the server responded with a status of 401 () @ https://new.tryallai.org/realtime/status:0
[44251602ms] [ERROR] Failed to load resource: the server responded with a status of 401 () @ https://new.tryallai.org/backend-api/f/conversation:0
[44254238ms] [ERROR] Failed to load resource: the server responded with a status of 401 () @ https://new.tryallai.org/backend-api/conversation/init:0
[44254246ms] [ERROR] Failed to load resource: the server responded with a status of 401 () @ https://new.tryallai.org/backend-api/aip/connectors/links/list_accessible:0
[44254251ms] [ERROR] Failed to load resource: the server responded with a status of 401 () @ https://new.tryallai.org/backend-api/aip/connectors/list_accessible?skip_actions=true&external_logos=true:0
[44254451ms] [ERROR] Failed to load resource: the server responded with a status of 401 () @ https://new.tryallai.org/realtime/status:0
[44257865ms] [ERROR] Failed to load resource: the server responded with a status of 401 () @ https://new.tryallai.org/backend-api/f/conversation:0
[44257906ms] [ERROR] Failed to load resource: the server responded with a status of 401 () @ https://new.tryallai.org/realtime/status:0
[44260006ms] [ERROR] Failed to load resource: the server responded with a status of 401 () @ https://new.tryallai.org/backend-api/conversation/init:0
[44260076ms] [ERROR] Failed to load resource: the server responded with a status of 401 () @ https://new.tryallai.org/backend-api/aip/connectors/links/list_accessible:0
[44260076ms] [ERROR] Failed to load resource: the server responded with a status of 401 () @ https://new.tryallai.org/backend-api/aip/connectors/list_accessible?skip_actions=true&external_logos=true:0
[44260404ms] [ERROR] Failed to load resource: the server responded with a status of 401 () @ https://new.tryallai.org/realtime/status:0
[44266862ms] [LOG] Chat-Memo: 注入式侧边栏功能已加载 @ chrome-extension://cfmmkmfimmmfikomegalpmgookideojo/js/content_common.js:967
[44266902ms] [ERROR] Permissions policy violation: unload is not allowed in this document. @ chrome-extension://jaleebmaoohbjjohjlfmihkkopgfibne/0r0akgg.js:1
[44266963ms] [LOG] Chat-Memo: 初始化通用功能 @ chrome-extension://cfmmkmfimmmfikomegalpmgookideojo/js/content_common.js:52
[44267020ms] [INFO] This page uses the built-in LanguageDetector feature. To learn more and leave feedback, see https://learn.microsoft.com/microsoft-edge/web-platform/languagedetector-api @ chrome-extension://amkbmndfnliijdhojkpoglbnaaahippg/content_main.js:4916
[44267639ms] [LOG] XHR 拦截器设置完成 @ :189
[44267639ms] [LOG] 未找到相关按钮 @ :317
[44267639ms] [LOG] XHR 拦截器设置完成 @ :886
[44267639ms] [LOG] 导航拦截器设置完成 @ :887
[44267640ms] [LOG] XHR 拦截器设置完成 @ :1090
[44267640ms] [LOG] 导航拦截器设置完成 @ :1091
[44267640ms] [LOG] 当前域名不包含jokeroai或tryallai.net，跳过通知接口拦截 @ :1101
[44267641ms] [LOG] 拦截到 client-api/site/config XHR请求 @ :13
[44268905ms] [LOG] currentDomain www.tryallai.org @ :20
[44268905ms] [LOG] 原始响应: {code: 200, msg: 请求成功, data: Object} @ :60
[44268905ms] [LOG] base64解析的数据: {code: 200, data: Object, msg: 请求成功} @ :78
[44268905ms] [LOG] 保持原始值 claudeAnnouncement: null @ :174
[44268905ms] [LOG] 保持原始值 claudeSaasNum: 9 @ :174
[44268905ms] [LOG] 保持原始值 claudeSites: [] @ :174
[44268905ms] [LOG] 保持原始值 customerSidebarName: 站内客服 @ :174
[44268905ms] [LOG] 保持原始值 drawAnnouncement: <p>只上了nano-banana模型，只支持英文提示词噢，中文提示词有概率不出图</p><p>Nano Banana对比gpt-image优势：出图快、精细度高、一致性强、支持上传图片修改、重绘、 P 图、换装、换背景、多图融合、插画变手办、老照片修复、风格转化等等</p> @ :174
[44268905ms] [LOG] 保持原始值 enableCashbackForPaidUsers: true @ :174
[44268905ms] [LOG] 保持原始值 enableInvite: true @ :174
[44268905ms] [LOG] 保持原始值 enablePromotion: true @ :174
[44268905ms] [LOG] 保持原始值 geminiNodeName:  @ :174
[44268905ms] [LOG] 保持原始值 geminiSites: [] @ :174
[44268905ms] [LOG] 保持原始值 gptAnnouncement: null @ :174
[44268905ms] [LOG] 保持原始值 grokAnnouncement: null @ :174
[44268905ms] [LOG] 保持原始值 grokNodeName:  @ :174
[44268905ms] [LOG] 保持原始值 grokSites: [] @ :174
[44268905ms] [LOG] 保持原始值 signInAnnouncement:  @ :174
[44268905ms] [LOG] 保持原始值 siteName: TryAllAI @ :174
[44268906ms] [LOG] 保持原始值 threshold: 50 @ :174
[44268906ms] [LOG] 合并后的响应: {code: 200, msg: 请求成功, data: Object} @ :117
[44269251ms] [LOG] 未找到相关按钮 @ :317
[44270047ms] [LOG] 找到按钮: 10 @ :321
[44270047ms] [LOG] 去重后按钮数: 10 @ :339
[44270047ms] [LOG] 找到容器数量: 2 @ :352
[44270047ms] [LOG] 处理容器: flex-1 overflow-y-auto overflow-x-hidden py-2 px-2 space-y-0.5 @ :356
[44270047ms] [LOG] 容器内目标按钮数: 5 @ :357
[44270047ms] [LOG] 处理原生侧边栏容器，保留标题和分组结构 @ :361
[44270047ms] [LOG] 处理容器: mobile-ai-selector__grid @ :356
[44270047ms] [LOG] 容器内目标按钮数: 5 @ :357
[44270047ms] [LOG] 容器内其他元素数: 0 @ :412
[44270048ms] [LOG] 容器处理完成,共创建 1 行 @ :476
[44270048ms] [LOG] 所有容器重排完成！ @ :479
[44270551ms] [LOG] 找到按钮: 10 @ :321
[44270551ms] [LOG] 去重后按钮数: 10 @ :339
[44270551ms] [LOG] 找到容器数量: 2 @ :352
[44270551ms] [LOG] 处理容器: flex-1 overflow-y-auto overflow-x-hidden py-2 px-2 space-y-0.5 @ :356
[44270551ms] [LOG] 容器内目标按钮数: 5 @ :357
[44270551ms] [LOG] 处理原生侧边栏容器，保留标题和分组结构 @ :361
[44270551ms] [LOG] 处理容器: button-row @ :356
[44270551ms] [LOG] 容器内目标按钮数: 5 @ :357
[44270551ms] [LOG] 容器内其他元素数: 0 @ :412
[44270552ms] [LOG] 容器处理完成,共创建 1 行 @ :476
[44270552ms] [LOG] 所有容器重排完成！ @ :479
[44271518ms] [LOG] 找到按钮: 10 @ :321
[44271518ms] [LOG] 去重后按钮数: 10 @ :339
[44271518ms] [LOG] 找到容器数量: 2 @ :352
[44271518ms] [LOG] 处理容器: flex-1 overflow-y-auto overflow-x-hidden py-2 px-2 space-y-0.5 @ :356
[44271518ms] [LOG] 容器内目标按钮数: 5 @ :357
[44271518ms] [LOG] 处理原生侧边栏容器，保留标题和分组结构 @ :361
[44271519ms] [LOG] 处理容器: button-row @ :356
[44271519ms] [LOG] 容器内目标按钮数: 5 @ :357
[44271519ms] [LOG] 容器内其他元素数: 0 @ :412
[44271520ms] [LOG] 容器处理完成,共创建 1 行 @ :476
[44271520ms] [LOG] 所有容器重排完成！ @ :479
[44271523ms] [LOG] 拦截到 tryallai.com 跳转: https://new.tryallai.org @ :682
[44271629ms] [INFO] This page uses the built-in LanguageDetector feature. To learn more and leave feedback, see https://learn.microsoft.com/microsoft-edge/web-platform/languagedetector-api @ chrome-extension://amkbmndfnliijdhojkpoglbnaaahippg/content_main.js:4916
[44272022ms] [LOG] 找到按钮: 10 @ :321
[44272023ms] [LOG] 去重后按钮数: 10 @ :339
[44272023ms] [LOG] 找到容器数量: 2 @ :352
[44272023ms] [LOG] 处理容器: flex-1 overflow-y-auto overflow-x-hidden py-2 px-2 space-y-0.5 @ :356
[44272023ms] [LOG] 容器内目标按钮数: 5 @ :357
[44272023ms] [LOG] 处理原生侧边栏容器，保留标题和分组结构 @ :361
[44272023ms] [LOG] 处理容器: button-row @ :356
[44272023ms] [LOG] 容器内目标按钮数: 5 @ :357
[44272023ms] [LOG] 容器内其他元素数: 0 @ :412
[44272023ms] [LOG] 容器处理完成,共创建 1 行 @ :476
[44272023ms] [LOG] 所有容器重排完成！ @ :479
[44272025ms] [LOG] 获取 loginToken 响应: {code: 200, msg: 请求成功, data: Object} @ :703
[44272025ms] [LOG] 跳转到: https://new.tryallai.org/service-api/chat/select-car/callback?ticket=4e9e6e91b4e944a7a66d2914a31ae35f&isPlus=1 @ :729
[44272606ms] [LOG] 找到按钮: 10 @ :321
[44272606ms] [LOG] 去重后按钮数: 10 @ :339
[44272606ms] [LOG] 找到容器数量: 2 @ :352
[44272606ms] [LOG] 处理容器: flex-1 overflow-y-auto overflow-x-hidden py-2 px-2 space-y-0.5 @ :356
[44272606ms] [LOG] 容器内目标按钮数: 5 @ :357
[44272606ms] [LOG] 处理原生侧边栏容器，保留标题和分组结构 @ :361
[44272606ms] [LOG] 处理容器: button-row @ :356
[44272606ms] [LOG] 容器内目标按钮数: 5 @ :357
[44272606ms] [LOG] 容器内其他元素数: 0 @ :412
[44272607ms] [LOG] 容器处理完成,共创建 1 行 @ :476
[44272607ms] [LOG] 所有容器重排完成！ @ :479
[44273112ms] [LOG] 找到按钮: 10 @ :321
[44273113ms] [LOG] 去重后按钮数: 10 @ :339
[44273113ms] [LOG] 找到容器数量: 2 @ :352
[44273113ms] [LOG] 处理容器: flex-1 overflow-y-auto overflow-x-hidden py-2 px-2 space-y-0.5 @ :356
[44273113ms] [LOG] 容器内目标按钮数: 5 @ :357
[44273113ms] [LOG] 处理原生侧边栏容器，保留标题和分组结构 @ :361
[44273113ms] [LOG] 处理容器: button-row @ :356
[44273113ms] [LOG] 容器内目标按钮数: 5 @ :357
[44273113ms] [LOG] 容器内其他元素数: 0 @ :412
[44273114ms] [LOG] 容器处理完成,共创建 1 行 @ :476
[44273114ms] [LOG] 所有容器重排完成！ @ :479
[44277322ms] TypeError: Cannot read properties of null (reading 'classList')
    at Rb (chrome-extension://amkbmndfnliijdhojkpoglbnaaahippg/content_main.js:5086:16995)
    at chrome-extension://amkbmndfnliijdhojkpoglbnaaahippg/content_main.js:5086:18562
    at V (chrome-extension://amkbmndfnliijdhojkpoglbnaaahippg/content_main.js:4896:5919)
    at G (chrome-extension://amkbmndfnliijdhojkpoglbnaaahippg/content_main.js:4896:5979)
    at J (chrome-extension://amkbmndfnliijdhojkpoglbnaaahippg/content_main.js:4896:6419)
    at NS (chrome-extension://amkbmndfnliijdhojkpoglbnaaahippg/content_main.js:5086:18606)
    at Kj (chrome-extension://amkbmndfnliijdhojkpoglbnaaahippg/content_main.js:5086:19300)
    at F9 (chrome-extension://amkbmndfnliijdhojkpoglbnaaahippg/content_main.js:14989:3197)
    at zre (chrome-extension://amkbmndfnliijdhojkpoglbnaaahippg/content_main.js:14998:2906)
    at pDe (chrome-extension://amkbmndfnliijdhojkpoglbnaaahippg/content_main.js:15000:19346)
[44277423ms] TypeError: Cannot read properties of null (reading 'classList')
    at Rb (chrome-extension://amkbmndfnliijdhojkpoglbnaaahippg/content_main.js:5086:16995)
    at chrome-extension://amkbmndfnliijdhojkpoglbnaaahippg/content_main.js:5086:18562
    at V (chrome-extension://amkbmndfnliijdhojkpoglbnaaahippg/content_main.js:4896:5919)
    at G (chrome-extension://amkbmndfnliijdhojkpoglbnaaahippg/content_main.js:4896:5979)
    at J (chrome-extension://amkbmndfnliijdhojkpoglbnaaahippg/content_main.js:4896:6419)
    at chrome-extension://amkbmndfnliijdhojkpoglbnaaahippg/content_main.js:5086:18625
[44277481ms] TypeError: Cannot read properties of null (reading 'classList')
    at Rb (chrome-extension://amkbmndfnliijdhojkpoglbnaaahippg/content_main.js:5086:16995)
    at chrome-extension://amkbmndfnliijdhojkpoglbnaaahippg/content_main.js:5086:18562
    at V (chrome-extension://amkbmndfnliijdhojkpoglbnaaahippg/content_main.js:4896:5919)
    at G (chrome-extension://amkbmndfnliijdhojkpoglbnaaahippg/content_main.js:4896:5979)
    at J (chrome-extension://amkbmndfnliijdhojkpoglbnaaahippg/content_main.js:4896:6419)
    at NS (chrome-extension://amkbmndfnliijdhojkpoglbnaaahippg/content_main.js:5086:18606)
    at i3e (chrome-extension://amkbmndfnliijdhojkpoglbnaaahippg/content_main.js:5086:19373)
    at Object.__ (chrome-extension://amkbmndfnliijdhojkpoglbnaaahippg/content_main.js:5086:19451)
    at Bx (chrome-extension://amkbmndfnliijdhojkpoglbnaaahippg/content_main.js:4903:129753)
    at Array.forEach (<anonymous>)
[44277586ms] TypeError: Cannot read properties of null (reading 'classList')
    at Rb (chrome-extension://amkbmndfnliijdhojkpoglbnaaahippg/content_main.js:5086:16995)
    at chrome-extension://amkbmndfnliijdhojkpoglbnaaahippg/content_main.js:5086:18562
    at V (chrome-extension://amkbmndfnliijdhojkpoglbnaaahippg/content_main.js:4896:5919)
    at G (chrome-extension://amkbmndfnliijdhojkpoglbnaaahippg/content_main.js:4896:5979)
    at J (chrome-extension://amkbmndfnliijdhojkpoglbnaaahippg/content_main.js:4896:6419)
    at chrome-extension://amkbmndfnliijdhojkpoglbnaaahippg/content_main.js:5086:18625
[44280167ms] [LOG] Chat-Memo: 注入式侧边栏功能已加载 @ chrome-extension://cfmmkmfimmmfikomegalpmgookideojo/js/content_common.js:967
[44280172ms] [ERROR] Permissions policy violation: unload is not allowed in this document. @ chrome-extension://jaleebmaoohbjjohjlfmihkkopgfibne/0r0akgg.js:1
[44280272ms] [LOG] Chat-Memo: 初始化通用功能 @ chrome-extension://cfmmkmfimmmfikomegalpmgookideojo/js/content_common.js:52
[46268804ms] [ERROR] Access to XMLHttpRequest at 'https://mssdk.bytedance.com/web/common?ms_appid=497858&msToken=gdcy4Ekn_5NpR_pTUkmI4iAKrR8xY6x08dTQIZd4d3coPGyxawv2LWbc1lUL449nkUNBdsR28DJ6AmDcMSDc0UGn0YlZrYqlIE261f3dTeYb6eEcxZ3vn3OiZ2sfuVCkuPYChZ3Kv3PzLL7t-w6DE3IAluk0kaAL2XBMuqYrcd9gqg%3D%3D' from origin 'https://www.doubao.com' has been blocked by CORS policy: No 'Access-Control-Allow-Origin' header is present on the requested resource. @ https://www.doubao.com/chat?channel=microsoft:0
[46268889ms] [ERROR] Failed to load resource: net::ERR_FAILED @ https://mssdk.bytedance.com/web/common?ms_appid=497858&msToken=gdcy4Ekn_5NpR_pTUkmI4iAKrR8xY6x08dTQIZd4d3coPGyxawv2LWbc1lUL449nkUNBdsR28DJ6AmDcMSDc0UGn0YlZrYqlIE261f3dTeYb6eEcxZ3vn3OiZ2sfuVCkuPYChZ3Kv3PzLL7t-w6DE3IAluk0kaAL2XBMuqYrcd9gqg%3D%3D:0
